Archive member included because of file (symbol)

c:/program files/codesourcery/sourcery g++ lite/bin/../lib/gcc/arm-none-eabi/4.5.2/../../../../arm-none-eabi/lib/thumb2\libc.a(lib_a-puts.o)
                              ./src/main.o (puts)
c:/program files/codesourcery/sourcery g++ lite/bin/../lib/gcc/arm-none-eabi/4.5.2/../../../../arm-none-eabi/lib/thumb2\libc.a(lib_a-reent.o)
                              ./src/newlib_stubs.o (errno)
c:/program files/codesourcery/sourcery g++ lite/bin/../lib/gcc/arm-none-eabi/4.5.2/../../../../arm-none-eabi/lib/thumb2\libc.a(lib_a-strlen.o)
                              c:/program files/codesourcery/sourcery g++ lite/bin/../lib/gcc/arm-none-eabi/4.5.2/../../../../arm-none-eabi/lib/thumb2\libc.a(lib_a-puts.o) (strlen)
c:/program files/codesourcery/sourcery g++ lite/bin/../lib/gcc/arm-none-eabi/4.5.2/../../../../arm-none-eabi/lib/thumb2\libc.a(lib_a-findfp.o)
                              c:/program files/codesourcery/sourcery g++ lite/bin/../lib/gcc/arm-none-eabi/4.5.2/../../../../arm-none-eabi/lib/thumb2\libc.a(lib_a-puts.o) (__sinit)
c:/program files/codesourcery/sourcery g++ lite/bin/../lib/gcc/arm-none-eabi/4.5.2/../../../../arm-none-eabi/lib/thumb2\libc.a(lib_a-freer.o)
                              c:/program files/codesourcery/sourcery g++ lite/bin/../lib/gcc/arm-none-eabi/4.5.2/../../../../arm-none-eabi/lib/thumb2\libc.a(lib_a-reent.o) (_free_r)
c:/program files/codesourcery/sourcery g++ lite/bin/../lib/gcc/arm-none-eabi/4.5.2/../../../../arm-none-eabi/lib/thumb2\libc.a(lib_a-fvwrite.o)
                              c:/program files/codesourcery/sourcery g++ lite/bin/../lib/gcc/arm-none-eabi/4.5.2/../../../../arm-none-eabi/lib/thumb2\libc.a(lib_a-puts.o) (__sfvwrite_r)
c:/program files/codesourcery/sourcery g++ lite/bin/../lib/gcc/arm-none-eabi/4.5.2/../../../../arm-none-eabi/lib/thumb2\libc.a(lib_a-fwalk.o)
                              c:/program files/codesourcery/sourcery g++ lite/bin/../lib/gcc/arm-none-eabi/4.5.2/../../../../arm-none-eabi/lib/thumb2\libc.a(lib_a-findfp.o) (_fwalk)
c:/program files/codesourcery/sourcery g++ lite/bin/../lib/gcc/arm-none-eabi/4.5.2/../../../../arm-none-eabi/lib/thumb2\libc.a(lib_a-impure.o)
                              c:/program files/codesourcery/sourcery g++ lite/bin/../lib/gcc/arm-none-eabi/4.5.2/../../../../arm-none-eabi/lib/thumb2\libc.a(lib_a-puts.o) (_impure_ptr)
c:/program files/codesourcery/sourcery g++ lite/bin/../lib/gcc/arm-none-eabi/4.5.2/../../../../arm-none-eabi/lib/thumb2\libc.a(lib_a-mallocr.o)
                              c:/program files/codesourcery/sourcery g++ lite/bin/../lib/gcc/arm-none-eabi/4.5.2/../../../../arm-none-eabi/lib/thumb2\libc.a(lib_a-findfp.o) (_malloc_r)
c:/program files/codesourcery/sourcery g++ lite/bin/../lib/gcc/arm-none-eabi/4.5.2/../../../../arm-none-eabi/lib/thumb2\libc.a(lib_a-memchr.o)
                              c:/program files/codesourcery/sourcery g++ lite/bin/../lib/gcc/arm-none-eabi/4.5.2/../../../../arm-none-eabi/lib/thumb2\libc.a(lib_a-fvwrite.o) (memchr)
c:/program files/codesourcery/sourcery g++ lite/bin/../lib/gcc/arm-none-eabi/4.5.2/../../../../arm-none-eabi/lib/thumb2\libc.a(lib_a-memcpy.o)
                              c:/program files/codesourcery/sourcery g++ lite/bin/../lib/gcc/arm-none-eabi/4.5.2/../../../../arm-none-eabi/lib/thumb2\libc.a(lib_a-fvwrite.o) (memcpy)
c:/program files/codesourcery/sourcery g++ lite/bin/../lib/gcc/arm-none-eabi/4.5.2/../../../../arm-none-eabi/lib/thumb2\libc.a(lib_a-memmove.o)
                              c:/program files/codesourcery/sourcery g++ lite/bin/../lib/gcc/arm-none-eabi/4.5.2/../../../../arm-none-eabi/lib/thumb2\libc.a(lib_a-fvwrite.o) (memmove)
c:/program files/codesourcery/sourcery g++ lite/bin/../lib/gcc/arm-none-eabi/4.5.2/../../../../arm-none-eabi/lib/thumb2\libc.a(lib_a-memset.o)
                              c:/program files/codesourcery/sourcery g++ lite/bin/../lib/gcc/arm-none-eabi/4.5.2/../../../../arm-none-eabi/lib/thumb2\libc.a(lib_a-findfp.o) (memset)
c:/program files/codesourcery/sourcery g++ lite/bin/../lib/gcc/arm-none-eabi/4.5.2/../../../../arm-none-eabi/lib/thumb2\libc.a(lib_a-mlock.o)
                              c:/program files/codesourcery/sourcery g++ lite/bin/../lib/gcc/arm-none-eabi/4.5.2/../../../../arm-none-eabi/lib/thumb2\libc.a(lib_a-freer.o) (__malloc_lock)
c:/program files/codesourcery/sourcery g++ lite/bin/../lib/gcc/arm-none-eabi/4.5.2/../../../../arm-none-eabi/lib/thumb2\libc.a(lib_a-reallocr.o)
                              c:/program files/codesourcery/sourcery g++ lite/bin/../lib/gcc/arm-none-eabi/4.5.2/../../../../arm-none-eabi/lib/thumb2\libc.a(lib_a-fvwrite.o) (_realloc_r)
c:/program files/codesourcery/sourcery g++ lite/bin/../lib/gcc/arm-none-eabi/4.5.2/../../../../arm-none-eabi/lib/thumb2\libc.a(lib_a-sbrkr.o)
[...]
Memory Configuration

Name             Origin             Length             Attributes
FLASH            0x08000000         0x00080000         xr
RAM              0x20000000         0x00010000         xrw
MEMORY_B1        0x68000000         0x00000000         rw
*default*        0x00000000         0xffffffff

Linker script and memory map

LOAD c:/program files/codesourcery/sourcery g++ lite/bin/../lib/gcc/arm-none-eabi/4.5.2/thumb2/crti.o
LOAD c:/program files/codesourcery/sourcery g++ lite/bin/../lib/gcc/arm-none-eabi/4.5.2/thumb2/crtbegin.o
LOAD ./src/hw_config.o
LOAD ./src/main.o
LOAD ./src/newlib_stubs.o
LOAD ./src/usb_desc.o
LOAD ./src/usb_endp.o
LOAD ./src/usb_istr.o
LOAD ./src/usb_prop.o
LOAD ./src/usb_pwr.o
LOAD ./STM32_USB-FS-Device_Driver/src/otgd_fs_cal.o
LOAD ./STM32_USB-FS-Device_Driver/src/otgd_fs_dev.o
LOAD ./STM32_USB-FS-Device_Driver/src/otgd_fs_int.o
LOAD ./STM32_USB-FS-Device_Driver/src/otgd_fs_pcd.o
LOAD ./STM32_USB-FS-Device_Driver/src/usb_core.o
LOAD ./STM32_USB-FS-Device_Driver/src/usb_init.o
LOAD ./STM32_USB-FS-Device_Driver/src/usb_int.o
LOAD ./STM32_USB-FS-Device_Driver/src/usb_mem.o
LOAD ./STM32_USB-FS-Device_Driver/src/usb_regs.o
LOAD ./STM32_USB-FS-Device_Driver/src/usb_sil.o
LOAD ./STM32F10x_StdPeriph_Driver/src/misc.o
LOAD ./STM32F10x_StdPeriph_Driver/src/stm32f10x_adc.o
LOAD ./STM32F10x_StdPeriph_Driver/src/stm32f10x_bkp.o
LOAD ./STM32F10x_StdPeriph_Driver/src/stm32f10x_can.o
LOAD ./STM32F10x_StdPeriph_Driver/src/stm32f10x_cec.o
LOAD ./STM32F10x_StdPeriph_Driver/src/stm32f10x_crc.o
LOAD ./STM32F10x_StdPeriph_Driver/src/stm32f10x_dac.o
LOAD ./STM32F10x_StdPeriph_Driver/src/stm32f10x_dbgmcu.o
LOAD ./STM32F10x_StdPeriph_Driver/src/stm32f10x_dma.o
LOAD ./STM32F10x_StdPeriph_Driver/src/stm32f10x_exti.o
LOAD ./STM32F10x_StdPeriph_Driver/src/stm32f10x_flash.o
LOAD ./STM32F10x_StdPeriph_Driver/src/stm32f10x_fsmc.o
LOAD ./STM32F10x_StdPeriph_Driver/src/stm32f10x_gpio.o
LOAD ./STM32F10x_StdPeriph_Driver/src/stm32f10x_i2c.o
LOAD ./STM32F10x_StdPeriph_Driver/src/stm32f10x_iwdg.o
LOAD ./STM32F10x_StdPeriph_Driver/src/stm32f10x_pwr.o
LOAD ./STM32F10x_StdPeriph_Driver/src/stm32f10x_rcc.o
LOAD ./STM32F10x_StdPeriph_Driver/src/stm32f10x_rtc.o
LOAD ./STM32F10x_StdPeriph_Driver/src/stm32f10x_sdio.o
LOAD ./STM32F10x_StdPeriph_Driver/src/stm32f10x_spi.o
LOAD ./STM32F10x_StdPeriph_Driver/src/stm32f10x_tim.o
LOAD ./STM32F10x_StdPeriph_Driver/src/stm32f10x_usart.o
LOAD ./STM32F10x_StdPeriph_Driver/src/stm32f10x_wwdg.o
LOAD ./Core/core_cm3.o
LOAD ./Core/system_stm32f10x.o
LOAD ./Config/startup_stm32f10x_hd.o
START GROUP
LOAD c:/program files/codesourcery/sourcery g++ lite/bin/../lib/gcc/arm-none-eabi/4.5.2/thumb2\libgcc.a
LOAD c:/program files/codesourcery/sourcery g++ lite/bin/../lib/gcc/arm-none-eabi/4.5.2/../../../../arm-none-eabi/lib/thumb2\libc.a
END GROUP
LOAD c:/program files/codesourcery/sourcery g++ lite/bin/../lib/gcc/arm-none-eabi/4.5.2/thumb2/crtend.o
LOAD c:/program files/codesourcery/sourcery g++ lite/bin/../lib/gcc/arm-none-eabi/4.5.2/thumb2/crtn.o
                0x20010000                _estack = 0x20010000
                0x00000000                _Min_Heap_Size = 0x0
                0x00000200                _Min_Stack_Size = 0x200

.isr_vector     0x08000000      0x1e4
                0x08000000                . = ALIGN (0x4)
 *(.isr_vector)
 .isr_vector    0x08000000      0x1e4 ./Config/startup_stm32f10x_hd.o
                0x08000000                g_pfnVectors
                0x080001e4                . = ALIGN (0x4)

.text           0x080001e4     0x4b3c
                0x080001e4                . = ALIGN (0x4)
 *(.text)
 .text          0x080001e4       0x30 c:/program files/codesourcery/sourcery g++ lite/bin/../lib/gcc/arm-none-eabi/4.5.2/thumb2/crtbegin.o
 .text          0x08000214       0x88 c:/program files/codesourcery/sourcery g++ lite/bin/../lib/gcc/arm-none-eabi/4.5.2/../../../../arm-none-eabi/lib/thumb2\libc.a(lib_a-puts.o)
                0x08000214                _puts_r
                0x0800028c                puts
 .text          0x0800029c       0x60 c:/program files/codesourcery/sourcery g++ lite/bin/../lib/gcc/arm-none-eabi/4.5.2/../../../../arm-none-eabi/lib/thumb2\libc.a(lib_a-strlen.o)
                0x0800029c                strlen
 .text          0x080002fc      0x220 c:/program files/codesourcery/sourcery g++ lite/bin/../lib/gcc/arm-none-eabi/4.5.2/../../../../arm-none-eabi/lib/thumb2\libc.a(lib_a-findfp.o)
                0x08000304                _cleanup_r
                0x08000310                __sfmoreglue
                0x08000340                _cleanup
                0x0800034c                __sinit
                0x08000454                __sfp
                0x080004dc                __sfp_lock_acquire
                0x080004e0                __sfp_lock_release
                0x080004e4                __sinit_lock_acquire
                0x080004e8                __sinit_lock_release
                0x080004ec                __fp_lock_all
                0x08000504                __fp_unlock_all
 .text          0x0800051c      0x240 c:/program files/codesourcery/sourcery g++ lite/bin/../lib/gcc/arm-none-eabi/4.5.2/../../../../arm-none-eabi/lib/thumb2\libc.a(lib_a-freer.o)
                0x0800051c                _malloc_trim_r
                0x080005c4                _free_r
 .text          0x0800075c      0x338 c:/program files/codesourcery/sourcery g++ lite/bin/../lib/gcc/arm-none-eabi/4.5.2/../../../../arm-none-eabi/lib/thumb2\libc.a(lib_a-fvwrite.o)
                0x0800075c                __sfvwrite_r
 .text          0x08000a94       0xac c:/program files/codesourcery/sourcery g++ lite/bin/../lib/gcc/arm-none-eabi/4.5.2/../../../../arm-none-eabi/lib/thumb2\libc.a(lib_a-fwalk.o)
                0x08000a94                _fwalk
                0x08000ae8                _fwalk_reent
 .text          0x08000b40      0x57c c:/program files/codesourcery/sourcery g++ lite/bin/../lib/gcc/arm-none-eabi/4.5.2/../../../../arm-none-eabi/lib/thumb2\libc.a(lib_a-mallocr.o)
                0x08000b40                _malloc_r
 .text          0x080010bc       0x8c c:/program files/codesourcery/sourcery g++ lite/bin/../lib/gcc/arm-none-eabi/4.5.2/../../../../arm-none-eabi/lib/thumb2\libc.a(lib_a-memchr.o)
                0x080010bc                memchr
 .text          0x08001148      0x150 c:/program files/codesourcery/sourcery g++ lite/bin/../lib/gcc/arm-none-eabi/4.5.2/../../../../arm-none-eabi/lib/thumb2\libc.a(lib_a-memcpy.o)
                0x08001148                memcpy
 .text          0x08001298       0xb4 c:/program files/codesourcery/sourcery g++ lite/bin/../lib/gcc/arm-none-eabi/4.5.2/../../../../arm-none-eabi/lib/thumb2\libc.a(lib_a-memmove.o)
                0x08001298                memmove
 .text          0x0800134c       0xb4 c:/program files/codesourcery/sourcery g++ lite/bin/../lib/gcc/arm-none-eabi/4.5.2/../../../../arm-none-eabi/lib/thumb2\libc.a(lib_a-memset.o)
                0x0800134c                memset
 .text          0x08001400        0x8 c:/program files/codesourcery/sourcery g++ lite/bin/../lib/gcc/arm-none-eabi/4.5.2/../../../../arm-none-eabi/lib/thumb2\libc.a(lib_a-mlock.o)
                0x08001400                __malloc_lock
                0x08001404                __malloc_unlock
 .text          0x08001408      0x41c c:/program files/codesourcery/sourcery g++ lite/bin/../lib/gcc/arm-none-eabi/4.5.2/../../../../arm-none-eabi/lib/thumb2\libc.a(lib_a-reallocr.o)
                0x08001408                _realloc_r
 .text          0x08001824       0x28 c:/program files/codesourcery/sourcery g++ lite/bin/../lib/gcc/arm-none-eabi/4.5.2/../../../../arm-none-eabi/lib/thumb2\libc.a(lib_a-sbrkr.o)
                0x08001824                _sbrk_r
 .text          0x0800184c       0x94 c:/program files/codesourcery/sourcery g++ lite/bin/../lib/gcc/arm-none-eabi/4.5.2/../../../../arm-none-eabi/lib/thumb2\libc.a(lib_a-stdio.o)
                0x0800184c                __sread
                0x08001870                __seofread
                0x08001874                __swrite
                0x080018b0                __sseek
                0x080018d8                __sclose
 .text          0x080018e0       0x2c c:/program files/codesourcery/sourcery g++ lite/bin/../lib/gcc/arm-none-eabi/4.5.2/../../../../arm-none-eabi/lib/thumb2\libc.a(lib_a-writer.o)
                0x080018e0                _write_r
 .text          0x0800190c      0x104 c:/program files/codesourcery/sourcery g++ lite/bin/../lib/gcc/arm-none-eabi/4.5.2/../../../../arm-none-eabi/lib/thumb2\libc.a(lib_a-wsetup.o)
                0x0800190c                __swsetup_r
 .text          0x08001a10       0x28 c:/program files/codesourcery/sourcery g++ lite/bin/../lib/gcc/arm-none-eabi/4.5.2/../../../../arm-none-eabi/lib/thumb2\libc.a(lib_a-closer.o)
                0x08001a10                _close_r
 .text          0x08001a38       0xc4 c:/program files/codesourcery/sourcery g++ lite/bin/../lib/gcc/arm-none-eabi/4.5.2/../../../../arm-none-eabi/lib/thumb2\libc.a(lib_a-fclose.o)
                0x08001a38                _fclose_r
                0x08001aec                fclose
 .text          0x08001afc      0x1ec c:/program files/codesourcery/sourcery g++ lite/bin/../lib/gcc/arm-none-eabi/4.5.2/../../../../arm-none-eabi/lib/thumb2\libc.a(lib_a-fflush.o)
                0x08001afc                _fflush_r
                0x08001cc0                fflush
 .text          0x08001ce8       0x2c c:/program files/codesourcery/sourcery g++ lite/bin/../lib/gcc/arm-none-eabi/4.5.2/../../../../arm-none-eabi/lib/thumb2\libc.a(lib_a-lseekr.o)
                0x08001ce8                _lseek_r
 .text          0x08001d14       0xec c:/program files/codesourcery/sourcery g++ lite/bin/../lib/gcc/arm-none-eabi/4.5.2/../../../../arm-none-eabi/lib/thumb2\libc.a(lib_a-makebuf.o)
                0x08001d14                __smakebuf_r
 .text          0x08001e00       0x2c c:/program files/codesourcery/sourcery g++ lite/bin/../lib/gcc/arm-none-eabi/4.5.2/../../../../arm-none-eabi/lib/thumb2\libc.a(lib_a-readr.o)
                0x08001e00                _read_r
 .text          0x08001e2c       0x2c c:/program files/codesourcery/sourcery g++ lite/bin/../lib/gcc/arm-none-eabi/4.5.2/../../../../arm-none-eabi/lib/thumb2\libc.a(lib_a-fstatr.o)
                0x08001e2c                _fstat_r
 .text          0x08001e58       0x28 c:/program files/codesourcery/sourcery g++ lite/bin/../lib/gcc/arm-none-eabi/4.5.2/../../../../arm-none-eabi/lib/thumb2\libc.a(lib_a-isattyr.o)
                0x08001e58                _isatty_r
 *(.text*)
 .text.Set_System
                0x08001e80       0x68 ./src/hw_config.o
                0x08001e80                Set_System
 .text.Set_USBClock
                0x08001ee8       0x1c ./src/hw_config.o
                0x08001ee8                Set_USBClock
 .text.USB_Interrupts_Config
                0x08001f04       0x38 ./src/hw_config.o
                0x08001f04                USB_Interrupts_Config
 .text.USB_Cable_Config
                0x08001f3c       0x34 ./src/hw_config.o
                0x08001f3c                USB_Cable_Config
 .text.Handle_USBAsynchXfer
                0x08001f70       0xf4 ./src/hw_config.o
                0x08001f70                Handle_USBAsynchXfer
 .text.USB_Send_Data
                0x08002064       0x48 ./src/hw_config.o
                0x08002064                USB_Send_Data
 .text.Get_SerialNum
                0x080020ac       0x5c ./src/hw_config.o
                0x080020ac                Get_SerialNum
 .text.IntToUnicode
                0x08002108       0x94 ./src/hw_config.o
 .text.USB_SetLeds
                0x0800219c      0x174 ./src/hw_config.o
                0x0800219c                USB_SetLeds
 .text.USB_LP_CAN1_RX0_IRQHandler
                0x08002310        0xc ./src/main.o
                0x08002310                USB_LP_CAN1_RX0_IRQHandler
 .text.main     0x0800231c       0x40 ./src/main.o
                0x0800231c                main
 .text._close   0x0800235c       0x18 ./src/newlib_stubs.o
                0x0800235c                _close
 .text._fstat   0x08002374       0x24 ./src/newlib_stubs.o
                0x08002374                _fstat
 .text._isatty  0x08002398       0x34 ./src/newlib_stubs.o
                0x08002398                _isatty
 .text._lseek   0x080023cc       0x1c ./src/newlib_stubs.o
                0x080023cc                _lseek
 .text._sbrk    0x080023e8       0x78 ./src/newlib_stubs.o
                0x080023e8                _sbrk
 .text._read    0x08002460       0x84 ./src/newlib_stubs.o
                0x08002460                _read
 .text._write   0x080024e4       0x90 ./src/newlib_stubs.o
                0x080024e4                _write
 .text.EP1_IN_Callback
                0x08002574        0xc ./src/usb_endp.o
                0x08002574                EP1_IN_Callback
 .text.EP3_OUT_Callback
                0x08002580       0x4c ./src/usb_endp.o
                0x08002580                EP3_OUT_Callback
 .text.SOF_Callback
                0x080025cc       0x3c ./src/usb_endp.o
                0x080025cc                SOF_Callback
 .text.USB_Istr
                0x08002608       0x94 ./src/usb_istr.o
                0x08002608                USB_Istr
 .text.Virtual_Com_Port_init
                0x0800269c       0x2c ./src/usb_prop.o
                0x0800269c                Virtual_Com_Port_init
 .text.Virtual_Com_Port_Reset
                0x080026c8      0x138 ./src/usb_prop.o
                0x080026c8                Virtual_Com_Port_Reset
 .text.Virtual_Com_Port_SetConfiguration
                0x08002800       0x2c ./src/usb_prop.o
                0x08002800                Virtual_Com_Port_SetConfiguration
 .text.Virtual_Com_Port_SetDeviceAddress
                0x0800282c       0x18 ./src/usb_prop.o
                0x0800282c                Virtual_Com_Port_SetDeviceAddress
 .text.Virtual_Com_Port_Status_In
                0x08002844       0x20 ./src/usb_prop.o
                0x08002844                Virtual_Com_Port_Status_In
 .text.Virtual_Com_Port_Status_Out
                0x08002864        0xc ./src/usb_prop.o
                0x08002864                Virtual_Com_Port_Status_Out
 .text.Virtual_Com_Port_Data_Setup
                0x08002870       0x90 ./src/usb_prop.o
                0x08002870                Virtual_Com_Port_Data_Setup
 .text.Virtual_Com_Port_NoData_Setup
                0x08002900       0x44 ./src/usb_prop.o
                0x08002900                Virtual_Com_Port_NoData_Setup
 .text.Virtual_Com_Port_GetDeviceDescriptor
                0x08002944       0x24 ./src/usb_prop.o
                0x08002944                Virtual_Com_Port_GetDeviceDescriptor
 .text.Virtual_Com_Port_GetConfigDescriptor
                0x08002968       0x24 ./src/usb_prop.o
                0x08002968                Virtual_Com_Port_GetConfigDescriptor
 .text.Virtual_Com_Port_GetStringDescriptor
                0x0800298c       0x48 ./src/usb_prop.o
                0x0800298c                Virtual_Com_Port_GetStringDescriptor
 .text.Virtual_Com_Port_Get_Interface_Setting
                0x080029d4       0x38 ./src/usb_prop.o
                0x080029d4                Virtual_Com_Port_Get_Interface_Setting
 .text.Virtual_Com_Port_GetLineCoding
                0x08002a0c       0x38 ./src/usb_prop.o
                0x08002a0c                Virtual_Com_Port_GetLineCoding
 .text.Virtual_Com_Port_SetLineCoding
                0x08002a44       0x38 ./src/usb_prop.o
                0x08002a44                Virtual_Com_Port_SetLineCoding
 .text.PowerOn  0x08002a7c       0x5c ./src/usb_pwr.o
                0x08002a7c                PowerOn
 .text.Standard_GetConfiguration
                0x08002ad8       0x44 ./STM32_USB-FS-Device_Driver/src/usb_core.o
                0x08002ad8                Standard_GetConfiguration
 .text.Standard_SetConfiguration
                0x08002b1c       0x54 ./STM32_USB-FS-Device_Driver/src/usb_core.o
                0x08002b1c                Standard_SetConfiguration
 .text.Standard_GetInterface
                0x08002b70       0x44 ./STM32_USB-FS-Device_Driver/src/usb_core.o
                0x08002b70                Standard_GetInterface
 .text.Standard_SetInterface
                0x08002bb4       0x94 ./STM32_USB-FS-Device_Driver/src/usb_core.o
                0x08002bb4                Standard_SetInterface
 .text.Standard_GetStatus
                0x08002c48      0x144 ./STM32_USB-FS-Device_Driver/src/usb_core.o
                0x08002c48                Standard_GetStatus
 .text.Standard_ClearFeature
                0x08002d8c      0x1fc ./STM32_USB-FS-Device_Driver/src/usb_core.o
                0x08002d8c                Standard_ClearFeature
 .text.Standard_SetEndPointFeature
                0x08002f88      0x12c ./STM32_USB-FS-Device_Driver/src/usb_core.o
                0x08002f88                Standard_SetEndPointFeature
 .text.Standard_SetDeviceFeature
                0x080030b4       0x30 ./STM32_USB-FS-Device_Driver/src/usb_core.o
                0x080030b4                Standard_SetDeviceFeature
 .text.Standard_GetDescriptorData
                0x080030e4       0x4c ./STM32_USB-FS-Device_Driver/src/usb_core.o
                0x080030e4                Standard_GetDescriptorData
 .text.DataStageOut
                0x08003130      0x11c ./STM32_USB-FS-Device_Driver/src/usb_core.o
 .text.DataStageIn
                0x0800324c      0x128 ./STM32_USB-FS-Device_Driver/src/usb_core.o
 .text.NoData_Setup0
                0x08003374      0x1b0 ./STM32_USB-FS-Device_Driver/src/usb_core.o
 .text.Data_Setup0
                0x08003524      0x360 ./STM32_USB-FS-Device_Driver/src/usb_core.o
 .text.Setup0_Process
                0x08003884       0xf0 ./STM32_USB-FS-Device_Driver/src/usb_core.o
                0x08003884                Setup0_Process
 .text.In0_Process
                0x08003974       0x98 ./STM32_USB-FS-Device_Driver/src/usb_core.o
                0x08003974                In0_Process
 .text.Out0_Process
                0x08003a0c       0x7c ./STM32_USB-FS-Device_Driver/src/usb_core.o
                0x08003a0c                Out0_Process
 .text.Post0_Process
                0x08003a88       0x54 ./STM32_USB-FS-Device_Driver/src/usb_core.o
                0x08003a88                Post0_Process
 .text.SetDeviceAddress
                0x08003adc       0x84 ./STM32_USB-FS-Device_Driver/src/usb_core.o
                0x08003adc                SetDeviceAddress
 .text.NOP_Process
                0x08003b60        0xc ./STM32_USB-FS-Device_Driver/src/usb_core.o
                0x08003b60                NOP_Process
 .text.USB_Init
                0x08003b6c       0x44 ./STM32_USB-FS-Device_Driver/src/usb_init.o
                0x08003b6c                USB_Init
 .text.CTR_LP   0x08003bb0      0x338 ./STM32_USB-FS-Device_Driver/src/usb_int.o
                0x08003bb0                CTR_LP
 .text.UserToPMABufferCopy
                0x08003ee8       0x8c ./STM32_USB-FS-Device_Driver/src/usb_mem.o
                0x08003ee8                UserToPMABufferCopy
 .text.PMAToUserBufferCopy
                0x08003f74       0x6c ./STM32_USB-FS-Device_Driver/src/usb_mem.o
                0x08003f74                PMAToUserBufferCopy
 .text.SetBTABLE
                0x08003fe0       0x28 ./STM32_USB-FS-Device_Driver/src/usb_regs.o
                0x08003fe0                SetBTABLE
 .text.SetEPType
                0x08004008       0x50 ./STM32_USB-FS-Device_Driver/src/usb_regs.o
                0x08004008                SetEPType
 .text.SetEPTxStatus
                0x08004058       0x74 ./STM32_USB-FS-Device_Driver/src/usb_regs.o
                0x08004058                SetEPTxStatus
 .text.SetEPRxStatus
                0x080040cc       0x74 ./STM32_USB-FS-Device_Driver/src/usb_regs.o
                0x080040cc                SetEPRxStatus
 .text.SetEPTxValid
                0x08004140       0x58 ./STM32_USB-FS-Device_Driver/src/usb_regs.o
                0x08004140                SetEPTxValid
 .text.SetEPRxValid
                0x08004198       0x58 ./STM32_USB-FS-Device_Driver/src/usb_regs.o
                0x08004198                SetEPRxValid
 .text.Clear_Status_Out
                0x080041f0       0x58 ./STM32_USB-FS-Device_Driver/src/usb_regs.o
                0x080041f0                Clear_Status_Out
 .text.ClearDTOG_RX
                0x08004248       0x64 ./STM32_USB-FS-Device_Driver/src/usb_regs.o
                0x08004248                ClearDTOG_RX
 .text.ClearDTOG_TX
                0x080042ac       0x64 ./STM32_USB-FS-Device_Driver/src/usb_regs.o
                0x080042ac                ClearDTOG_TX
 .text.SetEPTxAddr
                0x08004310       0x48 ./STM32_USB-FS-Device_Driver/src/usb_regs.o
                0x08004310                SetEPTxAddr
 .text.SetEPRxAddr
                0x08004358       0x48 ./STM32_USB-FS-Device_Driver/src/usb_regs.o
                0x08004358                SetEPRxAddr
 .text.GetEPTxAddr
                0x080043a0       0x3c ./STM32_USB-FS-Device_Driver/src/usb_regs.o
                0x080043a0                GetEPTxAddr
 .text.GetEPRxAddr
                0x080043dc       0x3c ./STM32_USB-FS-Device_Driver/src/usb_regs.o
                0x080043dc                GetEPRxAddr
 .text.SetEPTxCount
                0x08004418       0x3c ./STM32_USB-FS-Device_Driver/src/usb_regs.o
                0x08004418                SetEPTxCount
 .text.SetEPRxCount
                0x08004454       0x94 ./STM32_USB-FS-Device_Driver/src/usb_regs.o
                0x08004454                SetEPRxCount
 .text.GetEPRxCount
                0x080044e8       0x44 ./STM32_USB-FS-Device_Driver/src/usb_regs.o
                0x080044e8                GetEPRxCount
 .text.ByteSwap
                0x0800452c       0x38 ./STM32_USB-FS-Device_Driver/src/usb_regs.o
                0x0800452c                ByteSwap
 .text.USB_SIL_Init
                0x08004564       0x34 ./STM32_USB-FS-Device_Driver/src/usb_sil.o
                0x08004564                USB_SIL_Init
 .text.USB_SIL_Read
                0x08004598       0x50 ./STM32_USB-FS-Device_Driver/src/usb_sil.o
                0x08004598                USB_SIL_Read
 .text.NVIC_PriorityGroupConfig
                0x080045e8       0x24 ./STM32F10x_StdPeriph_Driver/src/misc.o
                0x080045e8                NVIC_PriorityGroupConfig
 .text.NVIC_Init
                0x0800460c       0xd8 ./STM32F10x_StdPeriph_Driver/src/misc.o
                0x0800460c                NVIC_Init
 .text.GPIO_Init
                0x080046e4      0x1c0 ./STM32F10x_StdPeriph_Driver/src/stm32f10x_gpio.o
                0x080046e4                GPIO_Init
 .text.GPIO_SetBits
                0x080048a4       0x1c ./STM32F10x_StdPeriph_Driver/src/stm32f10x_gpio.o
                0x080048a4                GPIO_SetBits
 .text.GPIO_ResetBits
                0x080048c0       0x1c ./STM32F10x_StdPeriph_Driver/src/stm32f10x_gpio.o
                0x080048c0                GPIO_ResetBits
 .text.RCC_USBCLKConfig
                0x080048dc       0x1c ./STM32F10x_StdPeriph_Driver/src/stm32f10x_rcc.o
                0x080048dc                RCC_USBCLKConfig
 .text.RCC_APB2PeriphClockCmd
                0x080048f8       0x44 ./STM32F10x_StdPeriph_Driver/src/stm32f10x_rcc.o
                0x080048f8                RCC_APB2PeriphClockCmd
 .text.RCC_APB1PeriphClockCmd
                0x0800493c       0x44 ./STM32F10x_StdPeriph_Driver/src/stm32f10x_rcc.o
                0x0800493c                RCC_APB1PeriphClockCmd
 .text.USART_ReceiveData
                0x08004980       0x24 ./STM32F10x_StdPeriph_Driver/src/stm32f10x_usart.o
                0x08004980                USART_ReceiveData
 .text.USART_GetFlagStatus
                0x080049a4       0x40 ./STM32F10x_StdPeriph_Driver/src/stm32f10x_usart.o
                0x080049a4                USART_GetFlagStatus
 .text.__get_MSP
                0x080049e4       0x10 ./Core/core_cm3.o
                0x080049e4                __get_MSP
 .text.SystemInit
                0x080049f4       0x68 ./Core/system_stm32f10x.o
                0x080049f4                SystemInit
 .text.SetSysClock
                0x08004a5c        0xc ./Core/system_stm32f10x.o
 .text.SetSysClockTo72
                0x08004a68      0x108 ./Core/system_stm32f10x.o
 .text.Reset_Handler
                0x08004b70       0x44 ./Config/startup_stm32f10x_hd.o
                0x08004b70                Reset_Handler
 .text.Default_Handler
                0x08004bb4        0x2 ./Config/startup_stm32f10x_hd.o
                0x08004bb4                EXTI2_IRQHandler
                0x08004bb4                TIM8_TRG_COM_IRQHandler
                0x08004bb4                TIM8_CC_IRQHandler
                0x08004bb4                DebugMon_Handler
                0x08004bb4                TIM1_CC_IRQHandler
                0x08004bb4                HardFault_Handler
                0x08004bb4                TIM6_IRQHandler
                0x08004bb4                SysTick_Handler
                0x08004bb4                PVD_IRQHandler
                0x08004bb4                SDIO_IRQHandler
                0x08004bb4                PendSV_Handler
                0x08004bb4                NMI_Handler
                0x08004bb4                EXTI3_IRQHandler
                0x08004bb4                EXTI0_IRQHandler
                0x08004bb4                I2C2_EV_IRQHandler
                0x08004bb4                UsageFault_Handler
                0x08004bb4                ADC1_2_IRQHandler
                0x08004bb4                SPI1_IRQHandler
                0x08004bb4                TAMPER_IRQHandler
                0x08004bb4                TIM8_UP_IRQHandler
                0x08004bb4                DMA2_Channel2_IRQHandler
                0x08004bb4                DMA1_Channel4_IRQHandler
                0x08004bb4                USART3_IRQHandler
                0x08004bb4                RTC_IRQHandler
                0x08004bb4                DMA1_Channel7_IRQHandler
                0x08004bb4                CAN1_RX1_IRQHandler
                0x08004bb4                UART5_IRQHandler
                0x08004bb4                ADC3_IRQHandler
                0x08004bb4                TIM4_IRQHandler
                0x08004bb4                DMA2_Channel1_IRQHandler
                0x08004bb4                I2C1_EV_IRQHandler
                0x08004bb4                DMA1_Channel6_IRQHandler
                0x08004bb4                UART4_IRQHandler
                0x08004bb4                TIM3_IRQHandler
                0x08004bb4                RCC_IRQHandler
                0x08004bb4                TIM1_TRG_COM_IRQHandler
                0x08004bb4                DMA1_Channel1_IRQHandler
                0x08004bb4                Default_Handler
                0x08004bb4                EXTI15_10_IRQHandler
                0x08004bb4                TIM7_IRQHandler
                0x08004bb4                TIM5_IRQHandler
                0x08004bb4                EXTI9_5_IRQHandler
                0x08004bb4                SPI2_IRQHandler
                0x08004bb4                MemManage_Handler
                0x08004bb4                SVC_Handler
                0x08004bb4                DMA1_Channel5_IRQHandler
                0x08004bb4                EXTI4_IRQHandler
                0x08004bb4                USB_HP_CAN1_TX_IRQHandler
                0x08004bb4                DMA1_Channel3_IRQHandler
                0x08004bb4                FSMC_IRQHandler
                0x08004bb4                TIM1_UP_IRQHandler
                0x08004bb4                WWDG_IRQHandler
                0x08004bb4                TIM2_IRQHandler
                0x08004bb4                TIM1_BRK_IRQHandler
                0x08004bb4                EXTI1_IRQHandler
                0x08004bb4                RTCAlarm_IRQHandler
                0x08004bb4                DMA2_Channel4_5_IRQHandler
                0x08004bb4                USART2_IRQHandler
                0x08004bb4                I2C2_ER_IRQHandler
                0x08004bb4                DMA1_Channel2_IRQHandler
                0x08004bb4                TIM8_BRK_IRQHandler
                0x08004bb4                CAN1_SCE_IRQHandler
                0x08004bb4                FLASH_IRQHandler
                0x08004bb4                BusFault_Handler
                0x08004bb4                USART1_IRQHandler
                0x08004bb4                SPI3_IRQHandler
                0x08004bb4                I2C1_ER_IRQHandler
                0x08004bb4                USBWakeUp_IRQHandler
                0x08004bb4                DMA2_Channel3_IRQHandler
 *(.rodata)
 *fill*         0x08004bb6        0x2 00
 .rodata        0x08004bb8       0x10 ./src/main.o
 .rodata        0x08004bc8       0x1c ./src/newlib_stubs.o
 .rodata        0x08004be4       0xb8 ./src/usb_desc.o
                0x08004be4                Virtual_Com_Port_DeviceDescriptor
                0x08004bf8                Virtual_Com_Port_ConfigDescriptor
                0x08004c3c                Virtual_Com_Port_StringLangID
                0x08004c40                Virtual_Com_Port_StringVendor
                0x08004c68                Virtual_Com_Port_StringProduct
 .rodata        0x08004c9c       0x60 c:/program files/codesourcery/sourcery g++ lite/bin/../lib/gcc/arm-none-eabi/4.5.2/../../../../arm-none-eabi/lib/thumb2\libc.a(lib_a-findfp.o)
                0x08004c9c                __sf_fake_stdin
                0x08004cbc                __sf_fake_stdout
                0x08004cdc                __sf_fake_stderr
 .rodata        0x08004cfc        0x4 c:/program files/codesourcery/sourcery g++ lite/bin/../lib/gcc/arm-none-eabi/4.5.2/../../../../arm-none-eabi/lib/thumb2\libc.a(lib_a-impure.o)
                0x08004cfc                _global_impure_ptr
 *(.rodata*)
 .rodata.str1.4
                0x08004d00        0x2 c:/program files/codesourcery/sourcery g++ lite/bin/../lib/gcc/arm-none-eabi/4.5.2/../../../../arm-none-eabi/lib/thumb2\libc.a(lib_a-puts.o)
                                  0x4 (size before relaxing)
 *fill*         0x08004d02        0x2 00
 .rodata.str1.4
                0x08004d04        0x4 c:/program files/codesourcery/sourcery g++ lite/bin/../lib/gcc/arm-none-eabi/4.5.2/../../../../arm-none-eabi/lib/thumb2\libc.a(lib_a-impure.o)
 *(.glue_7)
 .glue_7        0x00000000        0x0 linker stubs
 *(.glue_7t)
 .glue_7t       0x00000000        0x0 linker stubs
 *(.init)
 .init          0x08004d08        0x4 c:/program files/codesourcery/sourcery g++ lite/bin/../lib/gcc/arm-none-eabi/4.5.2/thumb2/crti.o
                0x08004d08                _init
 .init          0x08004d0c        0x8 c:/program files/codesourcery/sourcery g++ lite/bin/../lib/gcc/arm-none-eabi/4.5.2/thumb2/crtn.o
 *(.fini)
 .fini          0x08004d14        0x4 c:/program files/codesourcery/sourcery g++ lite/bin/../lib/gcc/arm-none-eabi/4.5.2/thumb2/crti.o
                0x08004d14                _fini
 .fini          0x08004d18        0x8 c:/program files/codesourcery/sourcery g++ lite/bin/../lib/gcc/arm-none-eabi/4.5.2/thumb2/crtn.o
                0x08004d20                . = ALIGN (0x4)
                0x08004d20                _etext = .

.vfp11_veneer   0x08004d20        0x0
 .vfp11_veneer  0x00000000        0x0 linker stubs

.v4_bx          0x08004d20        0x0
 .v4_bx         0x00000000        0x0 linker stubs

.ARM.extab
 *(.ARM.extab* .gnu.linkonce.armextab.*)

.ARM            0x08004d20        0x0
                0x08004d20                __exidx_start = .
 *(.ARM.exidx*)
                0x08004d20                __exidx_end = .

.ARM.attributes
                0x08004d20       0x25
 *(.ARM.attributes)
 .ARM.attributes
                0x08004d20       0x19 c:/program files/codesourcery/sourcery g++ lite/bin/../lib/gcc/arm-none-eabi/4.5.2/thumb2/crti.o
 .ARM.attributes
                0x08004d39       0x29 c:/program files/codesourcery/sourcery g++ lite/bin/../lib/gcc/arm-none-eabi/4.5.2/thumb2/crtbegin.o
 .ARM.attributes
                0x08004d62       0x31 ./src/hw_config.o
 .ARM.attributes
                0x08004d93       0x31 ./src/main.o
 .ARM.attributes
                0x08004dc4       0x31 ./src/newlib_stubs.o
 .ARM.attributes
                0x08004df5       0x31 ./src/usb_desc.o
 .ARM.attributes
                0x08004e26       0x31 ./src/usb_endp.o
 .ARM.attributes
                0x08004e57       0x31 ./src/usb_istr.o
 .ARM.attributes
                0x08004e88       0x31 ./src/usb_prop.o
 .ARM.attributes
                0x08004eb9       0x31 ./src/usb_pwr.o
 .ARM.attributes
                0x08004eea       0x31 ./STM32_USB-FS-Device_Driver/src/otgd_fs_cal.o
 .ARM.attributes
                0x08004f1b       0x31 ./STM32_USB-FS-Device_Driver/src/otgd_fs_dev.o
 .ARM.attributes
                0x08004f4c       0x31 ./STM32_USB-FS-Device_Driver/src/otgd_fs_int.o
 .ARM.attributes
                0x08004f7d       0x31 ./STM32_USB-FS-Device_Driver/src/otgd_fs_pcd.o
 .ARM.attributes
                0x08004fae       0x31 ./STM32_USB-FS-Device_Driver/src/usb_core.o
 .ARM.attributes
                0x08004fdf       0x31 ./STM32_USB-FS-Device_Driver/src/usb_init.o
 .ARM.attributes
                0x08005010       0x31 ./STM32_USB-FS-Device_Driver/src/usb_int.o
 .ARM.attributes
                0x08005041       0x31 ./STM32_USB-FS-Device_Driver/src/usb_mem.o
 .ARM.attributes
                0x08005072       0x31 ./STM32_USB-FS-Device_Driver/src/usb_regs.o
 .ARM.attributes
                0x080050a3       0x31 ./STM32_USB-FS-Device_Driver/src/usb_sil.o
 .ARM.attributes
                0x080050d4       0x31 ./STM32F10x_StdPeriph_Driver/src/misc.o
 .ARM.attributes
                0x08005105       0x31 ./STM32F10x_StdPeriph_Driver/src/stm32f10x_adc.o
 .ARM.attributes
                0x08005136       0x31 ./STM32F10x_StdPeriph_Driver/src/stm32f10x_bkp.o
 .ARM.attributes
                0x08005167       0x31 ./STM32F10x_StdPeriph_Driver/src/stm32f10x_can.o
 .ARM.attributes
                0x08005198       0x31 ./STM32F10x_StdPeriph_Driver/src/stm32f10x_cec.o
 .ARM.attributes
                0x080051c9       0x31 ./STM32F10x_StdPeriph_Driver/src/stm32f10x_crc.o
 .ARM.attributes
                0x080051fa       0x31 ./STM32F10x_StdPeriph_Driver/src/stm32f10x_dac.o
 .ARM.attributes
                0x0800522b       0x31 ./STM32F10x_StdPeriph_Driver/src/stm32f10x_dbgmcu.o
 .ARM.attributes
                0x0800525c       0x31 ./STM32F10x_StdPeriph_Driver/src/stm32f10x_dma.o
 .ARM.attributes
                0x0800528d       0x31 ./STM32F10x_StdPeriph_Driver/src/stm32f10x_exti.o
 .ARM.attributes
                0x080052be       0x31 ./STM32F10x_StdPeriph_Driver/src/stm32f10x_flash.o
 .ARM.attributes
                0x080052ef       0x31 ./STM32F10x_StdPeriph_Driver/src/stm32f10x_fsmc.o
 .ARM.attributes
                0x08005320       0x31 ./STM32F10x_StdPeriph_Driver/src/stm32f10x_gpio.o
 .ARM.attributes
                0x08005351       0x31 ./STM32F10x_StdPeriph_Driver/src/stm32f10x_i2c.o
 .ARM.attributes
                0x08005382       0x31 ./STM32F10x_StdPeriph_Driver/src/stm32f10x_iwdg.o
 .ARM.attributes
                0x080053b3       0x31 ./STM32F10x_StdPeriph_Driver/src/stm32f10x_pwr.o
 .ARM.attributes
                0x080053e4       0x31 ./STM32F10x_StdPeriph_Driver/src/stm32f10x_rcc.o
 .ARM.attributes
                0x08005415       0x31 ./STM32F10x_StdPeriph_Driver/src/stm32f10x_rtc.o
 .ARM.attributes
                0x08005446       0x31 ./STM32F10x_StdPeriph_Driver/src/stm32f10x_sdio.o
 .ARM.attributes
                0x08005477       0x31 ./STM32F10x_StdPeriph_Driver/src/stm32f10x_spi.o
 .ARM.attributes
                0x080054a8       0x31 ./STM32F10x_StdPeriph_Driver/src/stm32f10x_tim.o
 .ARM.attributes
                0x080054d9       0x31 ./STM32F10x_StdPeriph_Driver/src/stm32f10x_usart.o
 .ARM.attributes
                0x0800550a       0x31 ./STM32F10x_StdPeriph_Driver/src/stm32f10x_wwdg.o
 .ARM.attributes
                0x0800553b       0x31 ./Core/core_cm3.o
 .ARM.attributes
                0x0800556c       0x31 ./Core/system_stm32f10x.o
 .ARM.attributes
                0x0800559d       0x21 ./Config/startup_stm32f10x_hd.o
 .ARM.attributes
                0x080055be       0x29 c:/program files/codesourcery/sourcery g++ lite/bin/../lib/gcc/arm-none-eabi/4.5.2/../../../../arm-none-eabi/lib/thumb2\libc.a(lib_a-puts.o)
 .ARM.attributes
                0x080055e7       0x29 c:/program files/codesourcery/sourcery g++ lite/bin/../lib/gcc/arm-none-eabi/4.5.2/../../../../arm-none-eabi/lib/thumb2\libc.a(lib_a-reent.o)
 .ARM.attributes
                0x08005610       0x29 c:/program files/codesourcery/sourcery g++ lite/bin/../lib/gcc/arm-none-eabi/4.5.2/../../../../arm-none-eabi/lib/thumb2\libc.a(lib_a-strlen.o)
 .ARM.attributes
                0x08005639       0x29 c:/program files/codesourcery/sourcery g++ lite/bin/../lib/gcc/arm-none-eabi/4.5.2/../../../../arm-none-eabi/lib/thumb2\libc.a(lib_a-findfp.o)
 .ARM.attributes
                0x08005662       0x29 c:/program files/codesourcery/sourcery g++ lite/bin/../lib/gcc/arm-none-eabi/4.5.2/../../../../arm-none-eabi/lib/thumb2\libc.a(lib_a-freer.o)
 .ARM.attributes
                0x0800568b       0x29 c:/program files/codesourcery/sourcery g++ lite/bin/../lib/gcc/arm-none-eabi/4.5.2/../../../../arm-none-eabi/lib/thumb2\libc.a(lib_a-fvwrite.o)
 .ARM.attributes
                0x080056b4       0x29 c:/program files/codesourcery/sourcery g++ lite/bin/../lib/gcc/arm-none-eabi/4.5.2/../../../../arm-none-eabi/lib/thumb2\libc.a(lib_a-fwalk.o)
 .ARM.attributes
                0x080056dd       0x29 c:/program files/codesourcery/sourcery g++ lite/bin/../lib/gcc/arm-none-eabi/4.5.2/../../../../arm-none-eabi/lib/thumb2\libc.a(lib_a-impure.o)
 .ARM.attributes
                0x08005706       0x29 c:/program files/codesourcery/sourcery g++ lite/bin/../lib/gcc/arm-none-eabi/4.5.2/../../../../arm-none-eabi/lib/thumb2\libc.a(lib_a-mallocr.o)
 .ARM.attributes
                0x0800572f       0x29 c:/program files/codesourcery/sourcery g++ lite/bin/../lib/gcc/arm-none-eabi/4.5.2/../../../../arm-none-eabi/lib/thumb2\libc.a(lib_a-memchr.o)
 .ARM.attributes
                0x08005758       0x29 c:/program files/codesourcery/sourcery g++ lite/bin/../lib/gcc/arm-none-eabi/4.5.2/../../../../arm-none-eabi/lib/thumb2\libc.a(lib_a-memcpy.o)
 .ARM.attributes
                0x08005781       0x29 c:/program files/codesourcery/sourcery g++ lite/bin/../lib/gcc/arm-none-eabi/4.5.2/../../../../arm-none-eabi/lib/thumb2\libc.a(lib_a-memmove.o)
 .ARM.attributes
                0x080057aa       0x29 c:/program files/codesourcery/sourcery g++ lite/bin/../lib/gcc/arm-none-eabi/4.5.2/../../../../arm-none-eabi/lib/thumb2\libc.a(lib_a-memset.o)
 .ARM.attributes
                0x080057d3       0x29 c:/program files/codesourcery/sourcery g++ lite/bin/../lib/gcc/arm-none-eabi/4.5.2/../../../../arm-none-eabi/lib/thumb2\libc.a(lib_a-mlock.o)
 .ARM.attributes
                0x080057fc       0x29 c:/program files/codesourcery/sourcery g++ lite/bin/../lib/gcc/arm-none-eabi/4.5.2/../../../../arm-none-eabi/lib/thumb2\libc.a(lib_a-reallocr.o)
 .ARM.attributes
                0x08005825       0x29 c:/program files/codesourcery/sourcery g++ lite/bin/../lib/gcc/arm-none-eabi/4.5.2/../../../../arm-none-eabi/lib/thumb2\libc.a(lib_a-sbrkr.o)
 .ARM.attributes
                0x0800584e       0x29 c:/program files/codesourcery/sourcery g++ lite/bin/../lib/gcc/arm-none-eabi/4.5.2/../../../../arm-none-eabi/lib/thumb2\libc.a(lib_a-stdio.o)
 .ARM.attributes
                0x08005877       0x29 c:/program files/codesourcery/sourcery g++ lite/bin/../lib/gcc/arm-none-eabi/4.5.2/../../../../arm-none-eabi/lib/thumb2\libc.a(lib_a-writer.o)
 .ARM.attributes
                0x080058a0       0x29 c:/program files/codesourcery/sourcery g++ lite/bin/../lib/gcc/arm-none-eabi/4.5.2/../../../../arm-none-eabi/lib/thumb2\libc.a(lib_a-wsetup.o)
 .ARM.attributes
                0x080058c9       0x29 c:/program files/codesourcery/sourcery g++ lite/bin/../lib/gcc/arm-none-eabi/4.5.2/../../../../arm-none-eabi/lib/thumb2\libc.a(lib_a-closer.o)
 .ARM.attributes
                0x080058f2       0x29 c:/program files/codesourcery/sourcery g++ lite/bin/../lib/gcc/arm-none-eabi/4.5.2/../../../../arm-none-eabi/lib/thumb2\libc.a(lib_a-fclose.o)
 .ARM.attributes
                0x0800591b       0x29 c:/program files/codesourcery/sourcery g++ lite/bin/../lib/gcc/arm-none-eabi/4.5.2/../../../../arm-none-eabi/lib/thumb2\libc.a(lib_a-fflush.o)
 .ARM.attributes
                0x08005944       0x29 c:/program files/codesourcery/sourcery g++ lite/bin/../lib/gcc/arm-none-eabi/4.5.2/../../../../arm-none-eabi/lib/thumb2\libc.a(lib_a-lseekr.o)
 .ARM.attributes
                0x0800596d       0x29 c:/program files/codesourcery/sourcery g++ lite/bin/../lib/gcc/arm-none-eabi/4.5.2/../../../../arm-none-eabi/lib/thumb2\libc.a(lib_a-makebuf.o)
 .ARM.attributes
                0x08005996       0x29 c:/program files/codesourcery/sourcery g++ lite/bin/../lib/gcc/arm-none-eabi/4.5.2/../../../../arm-none-eabi/lib/thumb2\libc.a(lib_a-readr.o)
 .ARM.attributes
                0x080059bf       0x29 c:/program files/codesourcery/sourcery g++ lite/bin/../lib/gcc/arm-none-eabi/4.5.2/../../../../arm-none-eabi/lib/thumb2\libc.a(lib_a-fstatr.o)
 .ARM.attributes
                0x080059e8       0x29 c:/program files/codesourcery/sourcery g++ lite/bin/../lib/gcc/arm-none-eabi/4.5.2/../../../../arm-none-eabi/lib/thumb2\libc.a(lib_a-isattyr.o)
 .ARM.attributes
                0x08005a11       0x29 c:/program files/codesourcery/sourcery g++ lite/bin/../lib/gcc/arm-none-eabi/4.5.2/thumb2/crtend.o
 .ARM.attributes
                0x08005a3a       0x19 c:/program files/codesourcery/sourcery g++ lite/bin/../lib/gcc/arm-none-eabi/4.5.2/thumb2/crtn.o

.preinit_array  0x08005a53        0x0
                0x08005a53                PROVIDE (__preinit_array_start, .)
 *(.preinit_array*)
                0x08005a53                PROVIDE (__preinit_array_end, .)

.init_array     0x08005a54        0x4
                0x08005a54                PROVIDE (__init_array_start, .)
 *(SORT(.init_array.*))
 *(.init_array*)
 .init_array    0x08005a54        0x4 c:/program files/codesourcery/sourcery g++ lite/bin/../lib/gcc/arm-none-eabi/4.5.2/thumb2/crtbegin.o
                0x08005a58                PROVIDE (__init_array_end, .)

.fini_array     0x08005a58        0x4
                0x08005a58                PROVIDE (__fini_array_start, .)
 *(.fini_array*)
 .fini_array    0x08005a58        0x4 c:/program files/codesourcery/sourcery g++ lite/bin/../lib/gcc/arm-none-eabi/4.5.2/thumb2/crtbegin.o
 *(SORT(.fini_array.*))
                0x08005a5c                PROVIDE (__fini_array_end, .)
                0x08005a5c                _sidata = .

.data           0x20000000      0x5e8 load address 0x08005a5c
                0x20000000                . = ALIGN (0x4)
                0x20000000                _sdata = .
 *(.data)
 .data          0x20000000       0x1c ./src/usb_desc.o
                0x20000000                Virtual_Com_Port_StringSerial
 .data          0x2000001c       0x38 ./src/usb_istr.o
                0x2000001c                pEpInt_IN
                0x20000038                pEpInt_OUT
 .data          0x20000054       0x90 ./src/usb_prop.o
                0x20000054                linecoding
                0x2000005c                Device_Table
                0x20000060                Device_Property
                0x20000090                User_Standard_Requests
                0x200000b4                Device_Descriptor
                0x200000bc                Config_Descriptor
                0x200000c4                String_Descriptor
 .data          0x200000e4       0xf4 c:/program files/codesourcery/sourcery g++ lite/bin/../lib/gcc/arm-none-eabi/4.5.2/../../../../arm-none-eabi/lib/thumb2\libc.a(lib_a-impure.o)
                0x200000e4                _impure_ptr
 .data          0x200001d8      0x410 c:/program files/codesourcery/sourcery g++ lite/bin/../lib/gcc/arm-none-eabi/4.5.2/../../../../arm-none-eabi/lib/thumb2\libc.a(lib_a-mallocr.o)
                0x200001d8                __malloc_av_
                0x200005e0                __malloc_sbrk_base
                0x200005e4                __malloc_trim_threshold
 *(.data*)
                0x200005e8                . = ALIGN (0x4)
                0x200005e8                _edata = .

.jcr            0x200005e8        0x0 load address 0x08006044
 .jcr           0x200005e8        0x0 c:/program files/codesourcery/sourcery g++ lite/bin/../lib/gcc/arm-none-eabi/4.5.2/thumb2/crtbegin.o
                0x200005e8                . = ALIGN (0x4)

.bss            0x200005e8      0x8f8 load address 0x08006044
                0x200005e8                _sbss = .
                0x200005e8                __bss_start__ = _sbss
 *(.bss)
 .bss           0x200005e8        0x1 c:/program files/codesourcery/sourcery g++ lite/bin/../lib/gcc/arm-none-eabi/4.5.2/thumb2/crtbegin.o
 *fill*         0x200005e9        0x3 00
 .bss           0x200005ec       0x10 ./src/hw_config.o
                0x200005ec                USART_Rx_ptr_in
                0x200005f0                USART_Rx_ptr_out
                0x200005f4                USART_Rx_length
                0x200005f8                USB_Tx_State
 .bss           0x200005fc        0x8 ./src/newlib_stubs.o
                0x200005fc                __env
 .bss           0x20000604        0x4 ./src/usb_endp.o
 .bss           0x20000608        0x1 ./src/usb_istr.o
                0x20000608                bIntPackSOF
 .bss           0x20000609        0x1 ./src/usb_prop.o
                0x20000609                Request
 *fill*         0x2000060a        0x2 00
 .bss           0x2000060c        0x4 ./src/usb_pwr.o
                0x2000060c                bDeviceState
 .bss           0x20000610        0x1 ./STM32_USB-FS-Device_Driver/src/usb_core.o
                0x20000610                Data_Mul_MaxPacketSize
 *fill*         0x20000611        0x3 00
 .bss           0x20000614       0x34 c:/program files/codesourcery/sourcery g++ lite/bin/../lib/gcc/arm-none-eabi/4.5.2/../../../../arm-none-eabi/lib/thumb2\libc.a(lib_a-mallocr.o)
                0x20000614                __malloc_top_pad
                0x20000618                __malloc_current_mallinfo
                0x20000640                __malloc_max_sbrked_mem
                0x20000644                __malloc_max_total_mem
 *(.bss*)
 *(COMMON)
 COMMON         0x20000648      0x814 ./src/hw_config.o
                0x20000648                HSEStartUpStatus
                0x2000064c                USART_Rx_Buffer
                0x20000e4c                USART_InitStructure
 COMMON         0x20000e5c       0x40 ./src/usb_endp.o
                0x20000e5c                USB_Rx_Buffer
 COMMON         0x20000e9c        0x2 ./src/usb_istr.o
                0x20000e9c                wIstr
 *fill*         0x20000e9e        0x2 00
 COMMON         0x20000ea0        0x2 ./STM32_USB-FS-Device_Driver/src/usb_core.o
                0x20000ea0                StatusInfo
 *fill*         0x20000ea2        0x2 00
 COMMON         0x20000ea4       0x32 ./STM32_USB-FS-Device_Driver/src/usb_init.o
                0x20000ea4                SaveState
                0x20000ea8                pProperty
                0x20000eac                EPindex
                0x20000eb0                Device_Info
                0x20000ecc                pUser_Standard_Requests
                0x20000ed0                pInformation
                0x20000ed4                wInterrupt_Mask
 COMMON         0x20000ed6        0x4 ./STM32_USB-FS-Device_Driver/src/usb_int.o
                0x20000ed6                SaveRState
                0x20000ed8                SaveTState
 *fill*         0x20000eda        0x2 00
 COMMON         0x20000edc        0x4 c:/program files/codesourcery/sourcery g++ lite/bin/../lib/gcc/arm-none-eabi/4.5.2/../../../../arm-none-eabi/lib/thumb2\libc.a(lib_a-reent.o)
                0x20000edc                errno
                0x20000ee0                . = ALIGN (0x4)
                0x20000ee0                _ebss = .
                0x20000ee0                __bss_end__ = _ebss
                0x20000ee0                PROVIDE (end, _ebss)
                0x20000ee0                PROVIDE (_end, _ebss)

._user_heap_stack
                0x20000ee0      0x200 load address 0x0800693c
                0x20000ee0                . = ALIGN (0x4)
                0x20000ee0                . = (. + _Min_Heap_Size)
                0x200010e0                . = (. + _Min_Stack_Size)
 *fill*         0x20000ee0      0x200 00
                0x200010e0                . = ALIGN (0x4)

.memory_b1_text
 *(.mb1text)
 *(.mb1text*)
 *(.mb1rodata)
 *(.mb1rodata*)

/DISCARD/
 libc.a(*)
 libm.a(*)
 libgcc.a(*)
OUTPUT(test03.elf elf32-littlearm)

.debug_abbrev   0x00000000     0x32d4
 .debug_abbrev  0x00000000      0x21b ./src/hw_config.o
 .debug_abbrev  0x0000021b       0x90 ./src/main.o
 .debug_abbrev  0x000002ab      0x1a5 ./src/newlib_stubs.o
 .debug_abbrev  0x00000450       0x7b ./src/usb_desc.o
 .debug_abbrev  0x000004cb       0xe9 ./src/usb_endp.o
 .debug_abbrev  0x000005b4       0xfb ./src/usb_istr.o
 .debug_abbrev  0x000006af      0x1cc ./src/usb_prop.o
 .debug_abbrev  0x0000087b      0x128 ./src/usb_pwr.o
 .debug_abbrev  0x000009a3       0x16 ./STM32_USB-FS-Device_Driver/src/otgd_fs_cal.o
 .debug_abbrev  0x000009b9       0x16 ./STM32_USB-FS-Device_Driver/src/otgd_fs_dev.o
 .debug_abbrev  0x000009cf       0x16 ./STM32_USB-FS-Device_Driver/src/otgd_fs_int.o
 .debug_abbrev  0x000009e5       0x16 ./STM32_USB-FS-Device_Driver/src/otgd_fs_pcd.o
 .debug_abbrev  0x000009fb      0x25e ./STM32_USB-FS-Device_Driver/src/usb_core.o
 .debug_abbrev  0x00000c59      0x121 ./STM32_USB-FS-Device_Driver/src/usb_init.o
 .debug_abbrev  0x00000d7a       0xd1 ./STM32_USB-FS-Device_Driver/src/usb_int.o
 .debug_abbrev  0x00000e4b       0xa0 ./STM32_USB-FS-Device_Driver/src/usb_mem.o
 .debug_abbrev  0x00000eeb      0x14a ./STM32_USB-FS-Device_Driver/src/usb_regs.o
 .debug_abbrev  0x00001035       0xbb ./STM32_USB-FS-Device_Driver/src/usb_sil.o
 .debug_abbrev  0x000010f0      0x139 ./STM32F10x_StdPeriph_Driver/src/misc.o
 .debug_abbrev  0x00001229      0x178 ./STM32F10x_StdPeriph_Driver/src/stm32f10x_adc.o
 .debug_abbrev  0x000013a1      0x15a ./STM32F10x_StdPeriph_Driver/src/stm32f10x_bkp.o
 .debug_abbrev  0x000014fb      0x1b0 ./STM32F10x_StdPeriph_Driver/src/stm32f10x_can.o
 .debug_abbrev  0x000016ab      0x18d ./STM32F10x_StdPeriph_Driver/src/stm32f10x_cec.o
 .debug_abbrev  0x00001838      0x10e ./STM32F10x_StdPeriph_Driver/src/stm32f10x_crc.o
 .debug_abbrev  0x00001946      0x16d ./STM32F10x_StdPeriph_Driver/src/stm32f10x_dac.o
 .debug_abbrev  0x00001ab3       0xde ./STM32F10x_StdPeriph_Driver/src/stm32f10x_dbgmcu.o
 .debug_abbrev  0x00001b91      0x152 ./STM32F10x_StdPeriph_Driver/src/stm32f10x_dma.o
 .debug_abbrev  0x00001ce3      0x14e ./STM32F10x_StdPeriph_Driver/src/stm32f10x_exti.o
 .debug_abbrev  0x00001e31      0x166 ./STM32F10x_StdPeriph_Driver/src/stm32f10x_flash.o
 .debug_abbrev  0x00001f97      0x16a ./STM32F10x_StdPeriph_Driver/src/stm32f10x_fsmc.o
 .debug_abbrev  0x00002101      0x1a8 ./STM32F10x_StdPeriph_Driver/src/stm32f10x_gpio.o
 .debug_abbrev  0x000022a9      0x161 ./STM32F10x_StdPeriph_Driver/src/stm32f10x_i2c.o
 .debug_abbrev  0x0000240a       0xfe ./STM32F10x_StdPeriph_Driver/src/stm32f10x_iwdg.o
 .debug_abbrev  0x00002508      0x188 ./STM32F10x_StdPeriph_Driver/src/stm32f10x_pwr.o
 .debug_abbrev  0x00002690      0x195 ./STM32F10x_StdPeriph_Driver/src/stm32f10x_rcc.o
 .debug_abbrev  0x00002825      0x16a ./STM32F10x_StdPeriph_Driver/src/stm32f10x_rtc.o
 .debug_abbrev  0x0000298f      0x1a6 ./STM32F10x_StdPeriph_Driver/src/stm32f10x_sdio.o
 .debug_abbrev  0x00002b35      0x161 ./STM32F10x_StdPeriph_Driver/src/stm32f10x_spi.o
 .debug_abbrev  0x00002c96      0x176 ./STM32F10x_StdPeriph_Driver/src/stm32f10x_tim.o
 .debug_abbrev  0x00002e0c      0x15f ./STM32F10x_StdPeriph_Driver/src/stm32f10x_usart.o
 .debug_abbrev  0x00002f6b       0xfc ./STM32F10x_StdPeriph_Driver/src/stm32f10x_wwdg.o
 .debug_abbrev  0x00003067       0xd9 ./Core/core_cm3.o
 .debug_abbrev  0x00003140      0x182 ./Core/system_stm32f10x.o
 .debug_abbrev  0x000032c2       0x12 ./Config/startup_stm32f10x_hd.o

.debug_info     0x00000000    0x103f8
 .debug_info    0x00000000      0x93e ./src/hw_config.o
 .debug_info    0x0000093e       0xe6 ./src/main.o
 .debug_info    0x00000a24      0x815 ./src/newlib_stubs.o
 .debug_info    0x00001239      0x181 ./src/usb_desc.o
 .debug_info    0x000013ba      0x1a9 ./src/usb_endp.o
 .debug_info    0x00001563      0x2b8 ./src/usb_istr.o
 .debug_info    0x0000181b      0x98e ./src/usb_prop.o
 .debug_info    0x000021a9      0x2f6 ./src/usb_pwr.o
 .debug_info    0x0000249f       0x29 ./STM32_USB-FS-Device_Driver/src/otgd_fs_cal.o
 .debug_info    0x000024c8       0x29 ./STM32_USB-FS-Device_Driver/src/otgd_fs_dev.o
 .debug_info    0x000024f1       0x29 ./STM32_USB-FS-Device_Driver/src/otgd_fs_int.o
 .debug_info    0x0000251a       0x29 ./STM32_USB-FS-Device_Driver/src/otgd_fs_pcd.o
 .debug_info    0x00002543      0xc64 ./STM32_USB-FS-Device_Driver/src/usb_core.o
 .debug_info    0x000031a7      0x4e6 ./STM32_USB-FS-Device_Driver/src/usb_init.o
 .debug_info    0x0000368d      0x233 ./STM32_USB-FS-Device_Driver/src/usb_int.o
 .debug_info    0x000038c0      0x1b8 ./STM32_USB-FS-Device_Driver/src/usb_mem.o
 .debug_info    0x00003a78      0xd6f ./STM32_USB-FS-Device_Driver/src/usb_regs.o
 .debug_info    0x000047e7      0x17f ./STM32_USB-FS-Device_Driver/src/usb_sil.o
 .debug_info    0x00004966      0x54e ./STM32F10x_StdPeriph_Driver/src/misc.o
 .debug_info    0x00004eb4      0xc16 ./STM32F10x_StdPeriph_Driver/src/stm32f10x_adc.o
 .debug_info    0x00005aca      0x881 ./STM32F10x_StdPeriph_Driver/src/stm32f10x_bkp.o
 .debug_info    0x0000634b      0xc5f ./STM32F10x_StdPeriph_Driver/src/stm32f10x_can.o
 .debug_info    0x00006faa      0x444 ./STM32F10x_StdPeriph_Driver/src/stm32f10x_cec.o
 .debug_info    0x000073ee      0x208 ./STM32F10x_StdPeriph_Driver/src/stm32f10x_crc.o
 .debug_info    0x000075f6      0x4e0 ./STM32F10x_StdPeriph_Driver/src/stm32f10x_dac.o
 .debug_info    0x00007ad6      0x162 ./STM32F10x_StdPeriph_Driver/src/stm32f10x_dbgmcu.o
 .debug_info    0x00007c38      0x4aa ./STM32F10x_StdPeriph_Driver/src/stm32f10x_dma.o
 .debug_info    0x000080e2      0x369 ./STM32F10x_StdPeriph_Driver/src/stm32f10x_exti.o
 .debug_info    0x0000844b      0x821 ./STM32F10x_StdPeriph_Driver/src/stm32f10x_flash.o
 .debug_info    0x00008c6c      0x9a1 ./STM32F10x_StdPeriph_Driver/src/stm32f10x_fsmc.o
 .debug_info    0x0000960d      0x72b ./STM32F10x_StdPeriph_Driver/src/stm32f10x_gpio.o
 .debug_info    0x00009d38      0xb9c ./STM32F10x_StdPeriph_Driver/src/stm32f10x_i2c.o
 .debug_info    0x0000a8d4      0x208 ./STM32F10x_StdPeriph_Driver/src/stm32f10x_iwdg.o
 .debug_info    0x0000aadc      0x463 ./STM32F10x_StdPeriph_Driver/src/stm32f10x_pwr.o
 .debug_info    0x0000af3f      0x909 ./STM32F10x_StdPeriph_Driver/src/stm32f10x_rcc.o
 .debug_info    0x0000b848      0x472 ./STM32F10x_StdPeriph_Driver/src/stm32f10x_rtc.o
 .debug_info    0x0000bcba      0x897 ./STM32F10x_StdPeriph_Driver/src/stm32f10x_sdio.o
 .debug_info    0x0000c551      0x979 ./STM32F10x_StdPeriph_Driver/src/stm32f10x_spi.o
 .debug_info    0x0000ceca     0x1e20 ./STM32F10x_StdPeriph_Driver/src/stm32f10x_tim.o
 .debug_info    0x0000ecea      0xa74 ./STM32F10x_StdPeriph_Driver/src/stm32f10x_usart.o
 .debug_info    0x0000f75e      0x23d ./STM32F10x_StdPeriph_Driver/src/stm32f10x_wwdg.o
 .debug_info    0x0000f99b      0x550 ./Core/core_cm3.o
 .debug_info    0x0000feeb      0x4a8 ./Core/system_stm32f10x.o
 .debug_info    0x00010393       0x65 ./Config/startup_stm32f10x_hd.o

.debug_line     0x00000000     0xb923
 .debug_line    0x00000000      0x4bc ./src/hw_config.o
 .debug_line    0x000004bc      0x590 ./src/main.o
 .debug_line    0x00000a4c      0x673 ./src/newlib_stubs.o
 .debug_line    0x000010bf      0x371 ./src/usb_desc.o
 .debug_line    0x00001430      0x3f3 ./src/usb_endp.o
 .debug_line    0x00001823      0x3b7 ./src/usb_istr.o
 .debug_line    0x00001bda      0x4e3 ./src/usb_prop.o
 .debug_line    0x000020bd      0x420 ./src/usb_pwr.o
 .debug_line    0x000024dd       0x50 ./STM32_USB-FS-Device_Driver/src/otgd_fs_cal.o
 .debug_line    0x0000252d       0x50 ./STM32_USB-FS-Device_Driver/src/otgd_fs_dev.o
 .debug_line    0x0000257d       0x50 ./STM32_USB-FS-Device_Driver/src/otgd_fs_int.o
 .debug_line    0x000025cd       0x50 ./STM32_USB-FS-Device_Driver/src/otgd_fs_pcd.o
 .debug_line    0x0000261d      0x6c5 ./STM32_USB-FS-Device_Driver/src/usb_core.o
 .debug_line    0x00002ce2      0x393 ./STM32_USB-FS-Device_Driver/src/usb_init.o
 .debug_line    0x00003075      0x471 ./STM32_USB-FS-Device_Driver/src/usb_int.o
 .debug_line    0x000034e6      0x3e7 ./STM32_USB-FS-Device_Driver/src/usb_mem.o
 .debug_line    0x000038cd      0x917 ./STM32_USB-FS-Device_Driver/src/usb_regs.o
 .debug_line    0x000041e4      0x3c0 ./STM32_USB-FS-Device_Driver/src/usb_sil.o
 .debug_line    0x000045a4      0x327 ./STM32F10x_StdPeriph_Driver/src/misc.o
 .debug_line    0x000048cb      0x610 ./STM32F10x_StdPeriph_Driver/src/stm32f10x_adc.o
 .debug_line    0x00004edb      0x3be ./STM32F10x_StdPeriph_Driver/src/stm32f10x_bkp.o
 .debug_line    0x00005299      0x658 ./STM32F10x_StdPeriph_Driver/src/stm32f10x_can.o
 .debug_line    0x000058f1      0x3fe ./STM32F10x_StdPeriph_Driver/src/stm32f10x_cec.o
 .debug_line    0x00005cef      0x357 ./STM32F10x_StdPeriph_Driver/src/stm32f10x_crc.o
 .debug_line    0x00006046      0x3d5 ./STM32F10x_StdPeriph_Driver/src/stm32f10x_dac.o
 .debug_line    0x0000641b      0x315 ./STM32F10x_StdPeriph_Driver/src/stm32f10x_dbgmcu.o
 .debug_line    0x00006730      0x3dd ./STM32F10x_StdPeriph_Driver/src/stm32f10x_dma.o
 .debug_line    0x00006b0d      0x37d ./STM32F10x_StdPeriph_Driver/src/stm32f10x_exti.o
 .debug_line    0x00006e8a      0x5b1 ./STM32F10x_StdPeriph_Driver/src/stm32f10x_flash.o
 .debug_line    0x0000743b      0x52c ./STM32F10x_StdPeriph_Driver/src/stm32f10x_fsmc.o
 .debug_line    0x00007967      0x487 ./STM32F10x_StdPeriph_Driver/src/stm32f10x_gpio.o
 .debug_line    0x00007dee      0x59e ./STM32F10x_StdPeriph_Driver/src/stm32f10x_i2c.o
 .debug_line    0x0000838c      0x349 ./STM32F10x_StdPeriph_Driver/src/stm32f10x_iwdg.o
 .debug_line    0x000086d5      0x3b4 ./STM32F10x_StdPeriph_Driver/src/stm32f10x_pwr.o
 .debug_line    0x00008a89      0x59e ./STM32F10x_StdPeriph_Driver/src/stm32f10x_rcc.o
 .debug_line    0x00009027      0x402 ./STM32F10x_StdPeriph_Driver/src/stm32f10x_rtc.o
 .debug_line    0x00009429      0x524 ./STM32F10x_StdPeriph_Driver/src/stm32f10x_sdio.o
 .debug_line    0x0000994d      0x4e9 ./STM32F10x_StdPeriph_Driver/src/stm32f10x_spi.o
 .debug_line    0x00009e36      0xb7b ./STM32F10x_StdPeriph_Driver/src/stm32f10x_tim.o
 .debug_line    0x0000a9b1      0x55f ./STM32F10x_StdPeriph_Driver/src/stm32f10x_usart.o
 .debug_line    0x0000af10      0x370 ./STM32F10x_StdPeriph_Driver/src/stm32f10x_wwdg.o
 .debug_line    0x0000b280      0x2cb ./Core/core_cm3.o
 .debug_line    0x0000b54b      0x363 ./Core/system_stm32f10x.o
 .debug_line    0x0000b8ae       0x75 ./Config/startup_stm32f10x_hd.o

.debug_macinfo  0x00000000   0xa86d19
 .debug_macinfo
                0x00000000    0x47df2 ./src/hw_config.o
 .debug_macinfo
                0x00047df2    0x4a65d ./src/main.o
 .debug_macinfo
                0x0009244f    0x4953b ./src/newlib_stubs.o
 .debug_macinfo
                0x000db98a    0x47aa3 ./src/usb_desc.o
 .debug_macinfo
                0x0012342d    0x47b82 ./src/usb_endp.o
 .debug_macinfo
                0x0016afaf    0x47af4 ./src/usb_istr.o
 .debug_macinfo
                0x001b2aa3    0x47d88 ./src/usb_prop.o
 .debug_macinfo
                0x001fa82b    0x47934 ./src/usb_pwr.o
 .debug_macinfo
                0x0024215f     0x2212 ./STM32_USB-FS-Device_Driver/src/otgd_fs_cal.o
 .debug_macinfo
                0x00244371     0x2212 ./STM32_USB-FS-Device_Driver/src/otgd_fs_dev.o
 .debug_macinfo
                0x00246583     0x2212 ./STM32_USB-FS-Device_Driver/src/otgd_fs_int.o
 .debug_macinfo
                0x00248795     0x2212 ./STM32_USB-FS-Device_Driver/src/otgd_fs_pcd.o
 .debug_macinfo
                0x0024a9a7    0x47a3e ./STM32_USB-FS-Device_Driver/src/usb_core.o
 .debug_macinfo
                0x002923e5    0x4788c ./STM32_USB-FS-Device_Driver/src/usb_init.o
 .debug_macinfo
                0x002d9c71    0x4788c ./STM32_USB-FS-Device_Driver/src/usb_int.o
 .debug_macinfo
                0x003214fd    0x4788c ./STM32_USB-FS-Device_Driver/src/usb_mem.o
 .debug_macinfo
                0x00368d89    0x4788c ./STM32_USB-FS-Device_Driver/src/usb_regs.o
 .debug_macinfo
                0x003b0615    0x4788c ./STM32_USB-FS-Device_Driver/src/usb_sil.o
 .debug_macinfo
                0x003f7ea1    0x4535f ./STM32F10x_StdPeriph_Driver/src/misc.o
 .debug_macinfo
                0x0043d200    0x47b2e ./STM32F10x_StdPeriph_Driver/src/stm32f10x_adc.o
 .debug_macinfo
                0x00484d2e    0x460dd ./STM32F10x_StdPeriph_Driver/src/stm32f10x_bkp.o
 .debug_macinfo
                0x004cae0b    0x47158 ./STM32F10x_StdPeriph_Driver/src/stm32f10x_can.o
 .debug_macinfo
                0x00511f63    0x45c73 ./STM32F10x_StdPeriph_Driver/src/stm32f10x_cec.o
 .debug_macinfo
                0x00557bd6    0x45348 ./STM32F10x_StdPeriph_Driver/src/stm32f10x_crc.o
 .debug_macinfo
                0x0059cf1e    0x464d6 ./STM32F10x_StdPeriph_Driver/src/stm32f10x_dac.o
 .debug_macinfo
                0x005e33f4    0x4581e ./STM32F10x_StdPeriph_Driver/src/stm32f10x_dbgmcu.o
 .debug_macinfo
                0x00628c12    0x45822 ./STM32F10x_StdPeriph_Driver/src/stm32f10x_dma.o
 .debug_macinfo
                0x0066e434    0x45357 ./STM32F10x_StdPeriph_Driver/src/stm32f10x_exti.o
 .debug_macinfo
                0x006b378b    0x4574f ./STM32F10x_StdPeriph_Driver/src/stm32f10x_flash.o
 .debug_macinfo
                0x006f8eda    0x45478 ./STM32F10x_StdPeriph_Driver/src/stm32f10x_fsmc.o
 .debug_macinfo
                0x0073e352    0x4558e ./STM32F10x_StdPeriph_Driver/src/stm32f10x_gpio.o
 .debug_macinfo
                0x007838e0    0x4580f ./STM32F10x_StdPeriph_Driver/src/stm32f10x_i2c.o
 .debug_macinfo
                0x007c90ef    0x4573f ./STM32F10x_StdPeriph_Driver/src/stm32f10x_iwdg.o
 .debug_macinfo
                0x0080e82e    0x45a16 ./STM32F10x_StdPeriph_Driver/src/stm32f10x_pwr.o
 .debug_macinfo
                0x00854244    0x45ac5 ./STM32F10x_StdPeriph_Driver/src/stm32f10x_rcc.o
 .debug_macinfo
                0x00899d09    0x45672 ./STM32F10x_StdPeriph_Driver/src/stm32f10x_rtc.o
 .debug_macinfo
                0x008df37b    0x458be ./STM32F10x_StdPeriph_Driver/src/stm32f10x_sdio.o
 .debug_macinfo
                0x00924c39    0x455b2 ./STM32F10x_StdPeriph_Driver/src/stm32f10x_spi.o
 .debug_macinfo
                0x0096a1eb    0x49f2c ./STM32F10x_StdPeriph_Driver/src/stm32f10x_tim.o
 .debug_macinfo
                0x009b4117    0x45749 ./STM32F10x_StdPeriph_Driver/src/stm32f10x_usart.o
 .debug_macinfo
                0x009f9860    0x4564e ./STM32F10x_StdPeriph_Driver/src/stm32f10x_wwdg.o
 .debug_macinfo
                0x00a3eeae     0x2b08 ./Core/core_cm3.o
 .debug_macinfo
                0x00a419b6    0x45363 ./Core/system_stm32f10x.o

.debug_loc      0x00000000     0x8770
 .debug_loc     0x00000000      0x250 ./src/hw_config.o
 .debug_loc     0x00000250       0x64 ./src/main.o
 .debug_loc     0x000002b4      0x3a0 ./src/newlib_stubs.o
 .debug_loc     0x00000654       0x90 ./src/usb_endp.o
 .debug_loc     0x000006e4       0x2c ./src/usb_istr.o
 .debug_loc     0x00000710      0x2d4 ./src/usb_prop.o
 .debug_loc     0x000009e4      0x10c ./src/usb_pwr.o
 .debug_loc     0x00000af0      0x3f8 ./STM32_USB-FS-Device_Driver/src/usb_core.o
 .debug_loc     0x00000ee8       0x2c ./STM32_USB-FS-Device_Driver/src/usb_init.o
 .debug_loc     0x00000f14       0x70 ./STM32_USB-FS-Device_Driver/src/usb_int.o
 .debug_loc     0x00000f84       0x70 ./STM32_USB-FS-Device_Driver/src/usb_mem.o
 .debug_loc     0x00000ff4      0xcac ./STM32_USB-FS-Device_Driver/src/usb_regs.o
 .debug_loc     0x00001ca0       0x9c ./STM32_USB-FS-Device_Driver/src/usb_sil.o
 .debug_loc     0x00001d3c      0x118 ./STM32F10x_StdPeriph_Driver/src/misc.o
 .debug_loc     0x00001e54      0x7d4 ./STM32F10x_StdPeriph_Driver/src/stm32f10x_adc.o
 .debug_loc     0x00002628      0x264 ./STM32F10x_StdPeriph_Driver/src/stm32f10x_bkp.o
 .debug_loc     0x0000288c      0x578 ./STM32F10x_StdPeriph_Driver/src/stm32f10x_can.o
 .debug_loc     0x00002e04      0x2ec ./STM32F10x_StdPeriph_Driver/src/stm32f10x_cec.o
 .debug_loc     0x000030f0      0x12c ./STM32F10x_StdPeriph_Driver/src/stm32f10x_crc.o
 .debug_loc     0x0000321c      0x294 ./STM32F10x_StdPeriph_Driver/src/stm32f10x_dac.o
 .debug_loc     0x000034b0       0x90 ./STM32F10x_StdPeriph_Driver/src/stm32f10x_dbgmcu.o
 .debug_loc     0x00003540      0x268 ./STM32F10x_StdPeriph_Driver/src/stm32f10x_dma.o
 .debug_loc     0x000037a8      0x1b4 ./STM32F10x_StdPeriph_Driver/src/stm32f10x_exti.o
 .debug_loc     0x0000395c      0x5d8 ./STM32F10x_StdPeriph_Driver/src/stm32f10x_flash.o
 .debug_loc     0x00003f34      0x41c ./STM32F10x_StdPeriph_Driver/src/stm32f10x_fsmc.o
 .debug_loc     0x00004350      0x3e4 ./STM32F10x_StdPeriph_Driver/src/stm32f10x_gpio.o
 .debug_loc     0x00004734      0x738 ./STM32F10x_StdPeriph_Driver/src/stm32f10x_i2c.o
 .debug_loc     0x00004e6c      0x138 ./STM32F10x_StdPeriph_Driver/src/stm32f10x_iwdg.o
 .debug_loc     0x00004fa4      0x238 ./STM32F10x_StdPeriph_Driver/src/stm32f10x_pwr.o
 .debug_loc     0x000051dc      0x6dc ./STM32F10x_StdPeriph_Driver/src/stm32f10x_rcc.o
 .debug_loc     0x000058b8      0x2e0 ./STM32F10x_StdPeriph_Driver/src/stm32f10x_rtc.o
 .debug_loc     0x00005b98      0x648 ./STM32F10x_StdPeriph_Driver/src/stm32f10x_sdio.o
 .debug_loc     0x000061e0      0x508 ./STM32F10x_StdPeriph_Driver/src/stm32f10x_spi.o
 .debug_loc     0x000066e8     0x13e8 ./STM32F10x_StdPeriph_Driver/src/stm32f10x_tim.o
 .debug_loc     0x00007ad0      0x658 ./STM32F10x_StdPeriph_Driver/src/stm32f10x_usart.o
 .debug_loc     0x00008128      0x190 ./STM32F10x_StdPeriph_Driver/src/stm32f10x_wwdg.o
 .debug_loc     0x000082b8      0x3f0 ./Core/core_cm3.o
 .debug_loc     0x000086a8       0xc8 ./Core/system_stm32f10x.o

.debug_pubnames
                0x00000000     0x3a74
 .debug_pubnames
                0x00000000      0x16b ./src/hw_config.o
 .debug_pubnames
                0x0000016b       0x3a ./src/main.o
 .debug_pubnames
                0x000001a5       0xdf ./src/newlib_stubs.o
 .debug_pubnames
                0x00000284       0xe7 ./src/usb_desc.o
 .debug_pubnames
                0x0000036b       0x5e ./src/usb_endp.o
 .debug_pubnames
                0x000003c9       0x56 ./src/usb_istr.o
 .debug_pubnames
                0x0000041f      0x29d ./src/usb_prop.o
 .debug_pubnames
                0x000006bc       0x83 ./src/usb_pwr.o
 .debug_pubnames
                0x0000073f      0x1a5 ./STM32_USB-FS-Device_Driver/src/usb_core.o
 .debug_pubnames
                0x000008e4       0x98 ./STM32_USB-FS-Device_Driver/src/usb_init.o
 .debug_pubnames
                0x0000097c       0x46 ./STM32_USB-FS-Device_Driver/src/usb_int.o
 .debug_pubnames
                0x000009c2       0x42 ./STM32_USB-FS-Device_Driver/src/usb_mem.o
 .debug_pubnames
                0x00000a04      0x419 ./STM32_USB-FS-Device_Driver/src/usb_regs.o
 .debug_pubnames
                0x00000e1d       0x46 ./STM32_USB-FS-Device_Driver/src/usb_sil.o
 .debug_pubnames
                0x00000e63       0x89 ./STM32F10x_StdPeriph_Driver/src/misc.o
 .debug_pubnames
                0x00000eec      0x401 ./STM32F10x_StdPeriph_Driver/src/stm32f10x_adc.o
 .debug_pubnames
                0x000012ed      0x128 ./STM32F10x_StdPeriph_Driver/src/stm32f10x_bkp.o
 .debug_pubnames
                0x00001415      0x208 ./STM32F10x_StdPeriph_Driver/src/stm32f10x_can.o
 .debug_pubnames
                0x0000161d      0x12b ./STM32F10x_StdPeriph_Driver/src/stm32f10x_cec.o
 .debug_pubnames
                0x00001748       0x82 ./STM32F10x_StdPeriph_Driver/src/stm32f10x_crc.o
 .debug_pubnames
                0x000017ca      0x116 ./STM32F10x_StdPeriph_Driver/src/stm32f10x_dac.o
 .debug_pubnames
                0x000018e0       0x4c ./STM32F10x_StdPeriph_Driver/src/stm32f10x_dbgmcu.o
 .debug_pubnames
                0x0000192c       0xea ./STM32F10x_StdPeriph_Driver/src/stm32f10x_dma.o
 .debug_pubnames
                0x00001a16       0xbb ./STM32F10x_StdPeriph_Driver/src/stm32f10x_exti.o
 .debug_pubnames
                0x00001ad1      0x2f2 ./STM32F10x_StdPeriph_Driver/src/stm32f10x_flash.o
 .debug_pubnames
                0x00001dc3      0x1a3 ./STM32F10x_StdPeriph_Driver/src/stm32f10x_fsmc.o
 .debug_pubnames
                0x00001f66      0x19d ./STM32F10x_StdPeriph_Driver/src/stm32f10x_gpio.o
 .debug_pubnames
                0x00002103      0x2cb ./STM32F10x_StdPeriph_Driver/src/stm32f10x_i2c.o
 .debug_pubnames
                0x000023ce       0x91 ./STM32F10x_StdPeriph_Driver/src/stm32f10x_iwdg.o
 .debug_pubnames
                0x0000245f       0xcb ./STM32F10x_StdPeriph_Driver/src/stm32f10x_pwr.o
 .debug_pubnames
                0x0000252a      0x2c4 ./STM32F10x_StdPeriph_Driver/src/stm32f10x_rcc.o
 .debug_pubnames
                0x000027ee      0x136 ./STM32F10x_StdPeriph_Driver/src/stm32f10x_rtc.o
 .debug_pubnames
                0x00002924      0x2ac ./STM32F10x_StdPeriph_Driver/src/stm32f10x_sdio.o
 .debug_pubnames
                0x00002bd0      0x1f6 ./STM32F10x_StdPeriph_Driver/src/stm32f10x_spi.o
 .debug_pubnames
                0x00002dc6      0x7b0 ./STM32F10x_StdPeriph_Driver/src/stm32f10x_tim.o
 .debug_pubnames
                0x00003576      0x294 ./STM32F10x_StdPeriph_Driver/src/stm32f10x_usart.o
 .debug_pubnames
                0x0000380a       0xb0 ./STM32F10x_StdPeriph_Driver/src/stm32f10x_wwdg.o
 .debug_pubnames
                0x000038ba      0x159 ./Core/core_cm3.o
 .debug_pubnames
                0x00003a13       0x61 ./Core/system_stm32f10x.o

.debug_pubtypes
                0x00000000     0x17a9
 .debug_pubtypes
                0x00000000      0x155 ./src/hw_config.o
 .debug_pubtypes
                0x00000155       0x1f ./src/main.o
 .debug_pubtypes
                0x00000174       0xf6 ./src/newlib_stubs.o
 .debug_pubtypes
                0x0000026a       0x1e ./src/usb_desc.o
 .debug_pubtypes
                0x00000288       0x4a ./src/usb_endp.o
 .debug_pubtypes
                0x000002d2       0x63 ./src/usb_istr.o
 .debug_pubtypes
                0x00000335      0x17b ./src/usb_prop.o
 .debug_pubtypes
                0x000004b0       0x8d ./src/usb_pwr.o
 .debug_pubtypes
                0x0000053d      0x1b7 ./STM32_USB-FS-Device_Driver/src/usb_core.o
 .debug_pubtypes
                0x000006f4       0xfc ./STM32_USB-FS-Device_Driver/src/usb_init.o
 .debug_pubtypes
                0x000007f0       0x38 ./STM32_USB-FS-Device_Driver/src/usb_int.o
 .debug_pubtypes
                0x00000828       0x38 ./STM32_USB-FS-Device_Driver/src/usb_mem.o
 .debug_pubtypes
                0x00000860       0x59 ./STM32_USB-FS-Device_Driver/src/usb_regs.o
 .debug_pubtypes
                0x000008b9       0x38 ./STM32_USB-FS-Device_Driver/src/usb_sil.o
 .debug_pubtypes
                0x000008f1       0x80 ./STM32F10x_StdPeriph_Driver/src/misc.o
 .debug_pubtypes
                0x00000971       0x8c ./STM32F10x_StdPeriph_Driver/src/stm32f10x_adc.o
 .debug_pubtypes
                0x000009fd       0x78 ./STM32F10x_StdPeriph_Driver/src/stm32f10x_bkp.o
 .debug_pubtypes
                0x00000a75      0x115 ./STM32F10x_StdPeriph_Driver/src/stm32f10x_can.o
 .debug_pubtypes
                0x00000b8a       0x8c ./STM32F10x_StdPeriph_Driver/src/stm32f10x_cec.o
 .debug_pubtypes
                0x00000c16       0x48 ./STM32F10x_StdPeriph_Driver/src/stm32f10x_crc.o
 .debug_pubtypes
                0x00000c5e       0x70 ./STM32F10x_StdPeriph_Driver/src/stm32f10x_dac.o
 .debug_pubtypes
                0x00000cce       0x46 ./STM32F10x_StdPeriph_Driver/src/stm32f10x_dbgmcu.o
 .debug_pubtypes
                0x00000d14       0x98 ./STM32F10x_StdPeriph_Driver/src/stm32f10x_dma.o
 .debug_pubtypes
                0x00000dac       0xa2 ./STM32F10x_StdPeriph_Driver/src/stm32f10x_exti.o
 .debug_pubtypes
                0x00000e4e       0x8d ./STM32F10x_StdPeriph_Driver/src/stm32f10x_flash.o
 .debug_pubtypes
                0x00000edb      0x168 ./STM32F10x_StdPeriph_Driver/src/stm32f10x_fsmc.o
 .debug_pubtypes
                0x00001043       0xc3 ./STM32F10x_StdPeriph_Driver/src/stm32f10x_gpio.o
 .debug_pubtypes
                0x00001106       0xb2 ./STM32F10x_StdPeriph_Driver/src/stm32f10x_i2c.o
 .debug_pubtypes
                0x000011b8       0x58 ./STM32F10x_StdPeriph_Driver/src/stm32f10x_iwdg.o
 .debug_pubtypes
                0x00001210       0x78 ./STM32F10x_StdPeriph_Driver/src/stm32f10x_pwr.o
 .debug_pubtypes
                0x00001288       0x9e ./STM32F10x_StdPeriph_Driver/src/stm32f10x_rcc.o
 .debug_pubtypes
                0x00001326       0x78 ./STM32F10x_StdPeriph_Driver/src/stm32f10x_rtc.o
 .debug_pubtypes
                0x0000139e       0xb2 ./STM32F10x_StdPeriph_Driver/src/stm32f10x_sdio.o
 .debug_pubtypes
                0x00001450       0xb6 ./STM32F10x_StdPeriph_Driver/src/stm32f10x_spi.o
 .debug_pubtypes
                0x00001506       0xd8 ./STM32F10x_StdPeriph_Driver/src/stm32f10x_tim.o
 .debug_pubtypes
                0x000015de       0xc9 ./STM32F10x_StdPeriph_Driver/src/stm32f10x_usart.o
 .debug_pubtypes
                0x000016a7       0x4b ./STM32F10x_StdPeriph_Driver/src/stm32f10x_wwdg.o
 .debug_pubtypes
                0x000016f2       0x50 ./Core/core_cm3.o
 .debug_pubtypes
                0x00001742       0x67 ./Core/system_stm32f10x.o

.debug_aranges  0x00000000     0x17b0
 .debug_aranges
                0x00000000       0x70 ./src/hw_config.o
 .debug_aranges
                0x00000070       0x28 ./src/main.o
 .debug_aranges
                0x00000098       0xa0 ./src/newlib_stubs.o
 .debug_aranges
                0x00000138       0x30 ./src/usb_endp.o
 .debug_aranges
                0x00000168       0x20 ./src/usb_istr.o
 .debug_aranges
                0x00000188       0x88 ./src/usb_prop.o
 .debug_aranges
                0x00000210       0x40 ./src/usb_pwr.o
 .debug_aranges
                0x00000250       0xb0 ./STM32_USB-FS-Device_Driver/src/usb_core.o
 .debug_aranges
                0x00000300       0x20 ./STM32_USB-FS-Device_Driver/src/usb_init.o
 .debug_aranges
                0x00000320       0x28 ./STM32_USB-FS-Device_Driver/src/usb_int.o
 .debug_aranges
                0x00000348       0x28 ./STM32_USB-FS-Device_Driver/src/usb_mem.o
 .debug_aranges
                0x00000370      0x1f0 ./STM32_USB-FS-Device_Driver/src/usb_regs.o
 .debug_aranges
                0x00000560       0x30 ./STM32_USB-FS-Device_Driver/src/usb_sil.o
 .debug_aranges
                0x00000590       0x40 ./STM32F10x_StdPeriph_Driver/src/misc.o
 .debug_aranges
                0x000005d0      0x138 ./STM32F10x_StdPeriph_Driver/src/stm32f10x_adc.o
 .debug_aranges
                0x00000708       0x78 ./STM32F10x_StdPeriph_Driver/src/stm32f10x_bkp.o
 .debug_aranges
                0x00000780       0xe0 ./STM32F10x_StdPeriph_Driver/src/stm32f10x_can.o
 .debug_aranges
                0x00000860       0x88 ./STM32F10x_StdPeriph_Driver/src/stm32f10x_cec.o
 .debug_aranges
                0x000008e8       0x48 ./STM32F10x_StdPeriph_Driver/src/stm32f10x_crc.o
 .debug_aranges
                0x00000930       0x78 ./STM32F10x_StdPeriph_Driver/src/stm32f10x_dac.o
 .debug_aranges
                0x000009a8       0x30 ./STM32F10x_StdPeriph_Driver/src/stm32f10x_dbgmcu.o
 .debug_aranges
                0x000009d8       0x70 ./STM32F10x_StdPeriph_Driver/src/stm32f10x_dma.o
 .debug_aranges
                0x00000a48       0x58 ./STM32F10x_StdPeriph_Driver/src/stm32f10x_exti.o
 .debug_aranges
                0x00000aa0       0xf8 ./STM32F10x_StdPeriph_Driver/src/stm32f10x_flash.o
 .debug_aranges
                0x00000b98       0xb0 ./STM32F10x_StdPeriph_Driver/src/stm32f10x_fsmc.o
 .debug_aranges
                0x00000c48       0xa8 ./STM32F10x_StdPeriph_Driver/src/stm32f10x_gpio.o
 .debug_aranges
                0x00000cf0      0x120 ./STM32F10x_StdPeriph_Driver/src/stm32f10x_i2c.o
 .debug_aranges
                0x00000e10       0x48 ./STM32F10x_StdPeriph_Driver/src/stm32f10x_iwdg.o
 .debug_aranges
                0x00000e58       0x70 ./STM32F10x_StdPeriph_Driver/src/stm32f10x_pwr.o
 .debug_aranges
                0x00000ec8      0x118 ./STM32F10x_StdPeriph_Driver/src/stm32f10x_rcc.o
 .debug_aranges
                0x00000fe0       0x88 ./STM32F10x_StdPeriph_Driver/src/stm32f10x_rtc.o
 .debug_aranges
                0x00001068      0x108 ./STM32F10x_StdPeriph_Driver/src/stm32f10x_sdio.o
 .debug_aranges
                0x00001170       0xd0 ./STM32F10x_StdPeriph_Driver/src/stm32f10x_spi.o
 .debug_aranges
                0x00001240      0x2f0 ./STM32F10x_StdPeriph_Driver/src/stm32f10x_tim.o
 .debug_aranges
                0x00001530      0x100 ./STM32F10x_StdPeriph_Driver/src/stm32f10x_usart.o
 .debug_aranges
                0x00001630       0x58 ./STM32F10x_StdPeriph_Driver/src/stm32f10x_wwdg.o
 .debug_aranges
                0x00001688       0xc8 ./Core/core_cm3.o
 .debug_aranges
                0x00001750       0x38 ./Core/system_stm32f10x.o
 .debug_aranges
                0x00001788       0x28 ./Config/startup_stm32f10x_hd.o

.debug_ranges   0x00000000     0x1548
 .debug_ranges  0x00000000       0x60 ./src/hw_config.o
 .debug_ranges  0x00000060       0x18 ./src/main.o
 .debug_ranges  0x00000078       0x90 ./src/newlib_stubs.o
 .debug_ranges  0x00000108       0x20 ./src/usb_endp.o
 .debug_ranges  0x00000128       0x10 ./src/usb_istr.o
 .debug_ranges  0x00000138       0x78 ./src/usb_prop.o
 .debug_ranges  0x000001b0       0x30 ./src/usb_pwr.o
 .debug_ranges  0x000001e0       0xa0 ./STM32_USB-FS-Device_Driver/src/usb_core.o
 .debug_ranges  0x00000280       0x10 ./STM32_USB-FS-Device_Driver/src/usb_init.o
 .debug_ranges  0x00000290       0x18 ./STM32_USB-FS-Device_Driver/src/usb_int.o
 .debug_ranges  0x000002a8       0x18 ./STM32_USB-FS-Device_Driver/src/usb_mem.o
 .debug_ranges  0x000002c0      0x1e0 ./STM32_USB-FS-Device_Driver/src/usb_regs.o
 .debug_ranges  0x000004a0       0x20 ./STM32_USB-FS-Device_Driver/src/usb_sil.o
 .debug_ranges  0x000004c0       0x30 ./STM32F10x_StdPeriph_Driver/src/misc.o
 .debug_ranges  0x000004f0      0x128 ./STM32F10x_StdPeriph_Driver/src/stm32f10x_adc.o
 .debug_ranges  0x00000618       0x68 ./STM32F10x_StdPeriph_Driver/src/stm32f10x_bkp.o
 .debug_ranges  0x00000680       0xd0 ./STM32F10x_StdPeriph_Driver/src/stm32f10x_can.o
 .debug_ranges  0x00000750       0x78 ./STM32F10x_StdPeriph_Driver/src/stm32f10x_cec.o
 .debug_ranges  0x000007c8       0x38 ./STM32F10x_StdPeriph_Driver/src/stm32f10x_crc.o
 .debug_ranges  0x00000800       0x68 ./STM32F10x_StdPeriph_Driver/src/stm32f10x_dac.o
 .debug_ranges  0x00000868       0x20 ./STM32F10x_StdPeriph_Driver/src/stm32f10x_dbgmcu.o
 .debug_ranges  0x00000888       0x60 ./STM32F10x_StdPeriph_Driver/src/stm32f10x_dma.o
 .debug_ranges  0x000008e8       0x48 ./STM32F10x_StdPeriph_Driver/src/stm32f10x_exti.o
 .debug_ranges  0x00000930       0xe8 ./STM32F10x_StdPeriph_Driver/src/stm32f10x_flash.o
 .debug_ranges  0x00000a18       0xa0 ./STM32F10x_StdPeriph_Driver/src/stm32f10x_fsmc.o
 .debug_ranges  0x00000ab8       0x98 ./STM32F10x_StdPeriph_Driver/src/stm32f10x_gpio.o
 .debug_ranges  0x00000b50      0x110 ./STM32F10x_StdPeriph_Driver/src/stm32f10x_i2c.o
 .debug_ranges  0x00000c60       0x38 ./STM32F10x_StdPeriph_Driver/src/stm32f10x_iwdg.o
 .debug_ranges  0x00000c98       0x60 ./STM32F10x_StdPeriph_Driver/src/stm32f10x_pwr.o
 .debug_ranges  0x00000cf8      0x108 ./STM32F10x_StdPeriph_Driver/src/stm32f10x_rcc.o
 .debug_ranges  0x00000e00       0x78 ./STM32F10x_StdPeriph_Driver/src/stm32f10x_rtc.o
 .debug_ranges  0x00000e78       0xf8 ./STM32F10x_StdPeriph_Driver/src/stm32f10x_sdio.o
 .debug_ranges  0x00000f70       0xc0 ./STM32F10x_StdPeriph_Driver/src/stm32f10x_spi.o
 .debug_ranges  0x00001030      0x2e0 ./STM32F10x_StdPeriph_Driver/src/stm32f10x_tim.o
 .debug_ranges  0x00001310       0xf0 ./STM32F10x_StdPeriph_Driver/src/stm32f10x_usart.o
 .debug_ranges  0x00001400       0x48 ./STM32F10x_StdPeriph_Driver/src/stm32f10x_wwdg.o
 .debug_ranges  0x00001448       0xb8 ./Core/core_cm3.o
 .debug_ranges  0x00001500       0x28 ./Core/system_stm32f10x.o
 .debug_ranges  0x00001528       0x20 ./Config/startup_stm32f10x_hd.o

.debug_str      0x00000000     0x65c4
 .debug_str     0x00000000      0x9b1 ./src/hw_config.o
                                0xa25 (size before relaxing)
 .debug_str     0x000009b1       0x2e ./src/main.o
                                 0xf8 (size before relaxing)
 .debug_str     0x000009df      0x237 ./src/newlib_stubs.o
                                0x345 (size before relaxing)
 .debug_str     0x00000c16       0xb1 ./src/usb_desc.o
                                0x193 (size before relaxing)
 .debug_str     0x00000cc7       0x64 ./src/usb_endp.o
                                0x191 (size before relaxing)
 .debug_str     0x00000d2b      0x11a ./src/usb_istr.o
                                0x24f (size before relaxing)
 .debug_str     0x00000e45      0x3ed ./src/usb_prop.o
                                0x89d (size before relaxing)
 .debug_str     0x00001232       0xf7 ./src/usb_pwr.o
                                0x2a0 (size before relaxing)
 .debug_str     0x00001329       0x30 ./STM32_USB-FS-Device_Driver/src/otgd_fs_cal.o
                                 0x5b (size before relaxing)
 .debug_str     0x00001359       0x30 ./STM32_USB-FS-Device_Driver/src/otgd_fs_dev.o
                                 0x5b (size before relaxing)
 .debug_str     0x00001389       0x30 ./STM32_USB-FS-Device_Driver/src/otgd_fs_int.o
                                 0x5b (size before relaxing)
 .debug_str     0x000013b9       0x30 ./STM32_USB-FS-Device_Driver/src/otgd_fs_pcd.o
                                 0x5b (size before relaxing)
 .debug_str     0x000013e9      0x430 ./STM32_USB-FS-Device_Driver/src/usb_core.o
                                0x9c6 (size before relaxing)
 .debug_str     0x00001819       0x48 ./STM32_USB-FS-Device_Driver/src/usb_init.o
                                0x4a5 (size before relaxing)
 .debug_str     0x00001861       0x41 ./STM32_USB-FS-Device_Driver/src/usb_int.o
                                0x159 (size before relaxing)
 .debug_str     0x000018a2       0x84 ./STM32_USB-FS-Device_Driver/src/usb_mem.o
                                0x15a (size before relaxing)
 .debug_str     0x00001926      0x3f0 ./STM32_USB-FS-Device_Driver/src/usb_regs.o
                                0x4e2 (size before relaxing)
 .debug_str     0x00001d16       0x77 ./STM32_USB-FS-Device_Driver/src/usb_sil.o
                                0x168 (size before relaxing)
 .debug_str     0x00001d8d      0x17f ./STM32F10x_StdPeriph_Driver/src/misc.o
                                0x330 (size before relaxing)
 .debug_str     0x00001f0c      0x531 ./STM32F10x_StdPeriph_Driver/src/stm32f10x_adc.o
                                0x668 (size before relaxing)
 .debug_str     0x0000243d      0x3a7 ./STM32F10x_StdPeriph_Driver/src/stm32f10x_bkp.o
                                0x522 (size before relaxing)
 .debug_str     0x000027e4      0x51b ./STM32F10x_StdPeriph_Driver/src/stm32f10x_can.o
                                0x69b (size before relaxing)
 .debug_str     0x00002cff      0x1a3 ./STM32F10x_StdPeriph_Driver/src/stm32f10x_cec.o
                                0x2e3 (size before relaxing)
 .debug_str     0x00002ea2       0xb3 ./STM32F10x_StdPeriph_Driver/src/stm32f10x_crc.o
                                0x1a8 (size before relaxing)
 .debug_str     0x00002f55      0x204 ./STM32F10x_StdPeriph_Driver/src/stm32f10x_dac.o
                                0x31c (size before relaxing)
 .debug_str     0x00003159       0x87 ./STM32F10x_StdPeriph_Driver/src/stm32f10x_dbgmcu.o
                                0x174 (size before relaxing)
 .debug_str     0x000031e0      0x20d ./STM32F10x_StdPeriph_Driver/src/stm32f10x_dma.o
                                0x32e (size before relaxing)
 .debug_str     0x000033ed      0x1b6 ./STM32F10x_StdPeriph_Driver/src/stm32f10x_exti.o
                                0x2cb (size before relaxing)
 .debug_str     0x000035a3      0x416 ./STM32F10x_StdPeriph_Driver/src/stm32f10x_flash.o
                                0x555 (size before relaxing)
 .debug_str     0x000039b9      0x5c4 ./STM32F10x_StdPeriph_Driver/src/stm32f10x_fsmc.o
                                0x6f1 (size before relaxing)
 .debug_str     0x00003f7d      0x250 ./STM32F10x_StdPeriph_Driver/src/stm32f10x_gpio.o
                                0x486 (size before relaxing)
 .debug_str     0x000041cd      0x415 ./STM32F10x_StdPeriph_Driver/src/stm32f10x_i2c.o
                                0x5d3 (size before relaxing)
 .debug_str     0x000045e2       0xd1 ./STM32F10x_StdPeriph_Driver/src/stm32f10x_iwdg.o
                                0x1c9 (size before relaxing)
 .debug_str     0x000046b3      0x111 ./STM32F10x_StdPeriph_Driver/src/stm32f10x_pwr.o
                                0x27f (size before relaxing)
 .debug_str     0x000047c4      0x3c1 ./STM32F10x_StdPeriph_Driver/src/stm32f10x_rcc.o
                                0x587 (size before relaxing)
 .debug_str     0x00004b85      0x189 ./STM32F10x_StdPeriph_Driver/src/stm32f10x_rtc.o
                                0x30f (size before relaxing)
 .debug_str     0x00004d0e      0x46a ./STM32F10x_StdPeriph_Driver/src/stm32f10x_sdio.o
                                0x5a8 (size before relaxing)
 .debug_str     0x00005178      0x35a ./STM32F10x_StdPeriph_Driver/src/stm32f10x_spi.o
                                0x56a (size before relaxing)
 .debug_str     0x000054d2      0xaeb ./STM32F10x_StdPeriph_Driver/src/stm32f10x_tim.o
                                0xd4a (size before relaxing)
 .debug_str     0x00005fbd      0x393 ./STM32F10x_StdPeriph_Driver/src/stm32f10x_usart.o
                                0x5fd (size before relaxing)
 .debug_str     0x00006350       0xcd ./STM32F10x_StdPeriph_Driver/src/stm32f10x_wwdg.o
                                0x1d5 (size before relaxing)
 .debug_str     0x0000641d      0x13f ./Core/core_cm3.o
                                0x225 (size before relaxing)
 .debug_str     0x0000655c       0x68 ./Core/system_stm32f10x.o
                                0x233 (size before relaxing)

.comment        0x00000000       0x2a
 .comment       0x00000000       0x2a ./src/hw_config.o
                                 0x2b (size before relaxing)
 .comment       0x00000000       0x2b ./src/main.o
 .comment       0x00000000       0x2b ./src/newlib_stubs.o
 .comment       0x00000000       0x2b ./src/usb_desc.o
 .comment       0x00000000       0x2b ./src/usb_endp.o
 .comment       0x00000000       0x2b ./src/usb_istr.o
 .comment       0x00000000       0x2b ./src/usb_prop.o
 .comment       0x00000000       0x2b ./src/usb_pwr.o
 .comment       0x00000000       0x2b ./STM32_USB-FS-Device_Driver/src/otgd_fs_cal.o
 .comment       0x00000000       0x2b ./STM32_USB-FS-Device_Driver/src/otgd_fs_dev.o
 .comment       0x00000000       0x2b ./STM32_USB-FS-Device_Driver/src/otgd_fs_int.o
 .comment       0x00000000       0x2b ./STM32_USB-FS-Device_Driver/src/otgd_fs_pcd.o
 .comment       0x00000000       0x2b ./STM32_USB-FS-Device_Driver/src/usb_core.o
 .comment       0x00000000       0x2b ./STM32_USB-FS-Device_Driver/src/usb_init.o
 .comment       0x00000000       0x2b ./STM32_USB-FS-Device_Driver/src/usb_int.o
 .comment       0x00000000       0x2b ./STM32_USB-FS-Device_Driver/src/usb_mem.o
 .comment       0x00000000       0x2b ./STM32_USB-FS-Device_Driver/src/usb_regs.o
 .comment       0x00000000       0x2b ./STM32_USB-FS-Device_Driver/src/usb_sil.o
 .comment       0x00000000       0x2b ./STM32F10x_StdPeriph_Driver/src/misc.o
 .comment       0x00000000       0x2b ./STM32F10x_StdPeriph_Driver/src/stm32f10x_adc.o
 .comment       0x00000000       0x2b ./STM32F10x_StdPeriph_Driver/src/stm32f10x_bkp.o
 .comment       0x00000000       0x2b ./STM32F10x_StdPeriph_Driver/src/stm32f10x_can.o
 .comment       0x00000000       0x2b ./STM32F10x_StdPeriph_Driver/src/stm32f10x_cec.o
 .comment       0x00000000       0x2b ./STM32F10x_StdPeriph_Driver/src/stm32f10x_crc.o
 .comment       0x00000000       0x2b ./STM32F10x_StdPeriph_Driver/src/stm32f10x_dac.o
 .comment       0x00000000       0x2b ./STM32F10x_StdPeriph_Driver/src/stm32f10x_dbgmcu.o
 .comment       0x00000000       0x2b ./STM32F10x_StdPeriph_Driver/src/stm32f10x_dma.o
 .comment       0x00000000       0x2b ./STM32F10x_StdPeriph_Driver/src/stm32f10x_exti.o
 .comment       0x00000000       0x2b ./STM32F10x_StdPeriph_Driver/src/stm32f10x_flash.o
 .comment       0x00000000       0x2b ./STM32F10x_StdPeriph_Driver/src/stm32f10x_fsmc.o
 .comment       0x00000000       0x2b ./STM32F10x_StdPeriph_Driver/src/stm32f10x_gpio.o
 .comment       0x00000000       0x2b ./STM32F10x_StdPeriph_Driver/src/stm32f10x_i2c.o
 .comment       0x00000000       0x2b ./STM32F10x_StdPeriph_Driver/src/stm32f10x_iwdg.o
 .comment       0x00000000       0x2b ./STM32F10x_StdPeriph_Driver/src/stm32f10x_pwr.o
 .comment       0x00000000       0x2b ./STM32F10x_StdPeriph_Driver/src/stm32f10x_rcc.o
 .comment       0x00000000       0x2b ./STM32F10x_StdPeriph_Driver/src/stm32f10x_rtc.o
 .comment       0x00000000       0x2b ./STM32F10x_StdPeriph_Driver/src/stm32f10x_sdio.o
 .comment       0x00000000       0x2b ./STM32F10x_StdPeriph_Driver/src/stm32f10x_spi.o
 .comment       0x00000000       0x2b ./STM32F10x_StdPeriph_Driver/src/stm32f10x_tim.o
 .comment       0x00000000       0x2b ./STM32F10x_StdPeriph_Driver/src/stm32f10x_usart.o
 .comment       0x00000000       0x2b ./STM32F10x_StdPeriph_Driver/src/stm32f10x_wwdg.o
 .comment       0x00000000       0x2b ./Core/core_cm3.o
 .comment       0x00000000       0x2b ./Core/system_stm32f10x.o

.debug_frame    0x00000000     0x5038
 .debug_frame   0x00000000      0x15c ./src/hw_config.o
 .debug_frame   0x0000015c       0x4c ./src/main.o
 .debug_frame   0x000001a8      0x1f8 ./src/newlib_stubs.o
 .debug_frame   0x000003a0       0x68 ./src/usb_endp.o
 .debug_frame   0x00000408       0x2c ./src/usb_istr.o
 .debug_frame   0x00000434      0x1a8 ./src/usb_prop.o
 .debug_frame   0x000005dc       0xac ./src/usb_pwr.o
 .debug_frame   0x00000688      0x264 ./STM32_USB-FS-Device_Driver/src/usb_core.o
 .debug_frame   0x000008ec       0x2c ./STM32_USB-FS-Device_Driver/src/usb_init.o
 .debug_frame   0x00000918       0x54 ./STM32_USB-FS-Device_Driver/src/usb_int.o
 .debug_frame   0x0000096c       0x48 ./STM32_USB-FS-Device_Driver/src/usb_mem.o
 .debug_frame   0x000009b4      0x698 ./STM32_USB-FS-Device_Driver/src/usb_regs.o
 .debug_frame   0x0000104c       0x6c ./STM32_USB-FS-Device_Driver/src/usb_sil.o
 .debug_frame   0x000010b8       0x9c ./STM32F10x_StdPeriph_Driver/src/misc.o
 .debug_frame   0x00001154      0x404 ./STM32F10x_StdPeriph_Driver/src/stm32f10x_adc.o
 .debug_frame   0x00001558      0x160 ./STM32F10x_StdPeriph_Driver/src/stm32f10x_bkp.o
 .debug_frame   0x000016b8      0x2d4 ./STM32F10x_StdPeriph_Driver/src/stm32f10x_can.o
 .debug_frame   0x0000198c      0x198 ./STM32F10x_StdPeriph_Driver/src/stm32f10x_cec.o
 .debug_frame   0x00001b24       0xb8 ./STM32F10x_StdPeriph_Driver/src/stm32f10x_crc.o
 .debug_frame   0x00001bdc      0x160 ./STM32F10x_StdPeriph_Driver/src/stm32f10x_dac.o
 .debug_frame   0x00001d3c       0x64 ./STM32F10x_StdPeriph_Driver/src/stm32f10x_dbgmcu.o
 .debug_frame   0x00001da0      0x144 ./STM32F10x_StdPeriph_Driver/src/stm32f10x_dma.o
 .debug_frame   0x00001ee4       0xf0 ./STM32F10x_StdPeriph_Driver/src/stm32f10x_exti.o
 .debug_frame   0x00001fd4      0x350 ./STM32F10x_StdPeriph_Driver/src/stm32f10x_flash.o
 .debug_frame   0x00002324      0x224 ./STM32F10x_StdPeriph_Driver/src/stm32f10x_fsmc.o
 .debug_frame   0x00002548      0x210 ./STM32F10x_StdPeriph_Driver/src/stm32f10x_gpio.o
 .debug_frame   0x00002758      0x3b4 ./STM32F10x_StdPeriph_Driver/src/stm32f10x_i2c.o
 .debug_frame   0x00002b0c       0xb8 ./STM32F10x_StdPeriph_Driver/src/stm32f10x_iwdg.o
 .debug_frame   0x00002bc4      0x148 ./STM32F10x_StdPeriph_Driver/src/stm32f10x_pwr.o
 .debug_frame   0x00002d0c      0x394 ./STM32F10x_StdPeriph_Driver/src/stm32f10x_rcc.o
 .debug_frame   0x000030a0      0x1a4 ./STM32F10x_StdPeriph_Driver/src/stm32f10x_rtc.o
 .debug_frame   0x00003244      0x358 ./STM32F10x_StdPeriph_Driver/src/stm32f10x_sdio.o
 .debug_frame   0x0000359c      0x29c ./STM32F10x_StdPeriph_Driver/src/stm32f10x_spi.o
 .debug_frame   0x00003838      0xa20 ./STM32F10x_StdPeriph_Driver/src/stm32f10x_tim.o
 .debug_frame   0x00004258      0x344 ./STM32F10x_StdPeriph_Driver/src/stm32f10x_usart.o
 .debug_frame   0x0000459c       0xf0 ./STM32F10x_StdPeriph_Driver/src/stm32f10x_wwdg.o
 .debug_frame   0x0000468c      0x280 ./Core/core_cm3.o
 .debug_frame   0x0000490c       0x80 ./Core/system_stm32f10x.o
 .debug_frame   0x0000498c       0x40 c:/program files/codesourcery/sourcery g++ lite/bin/../lib/gcc/arm-none-eabi/4.5.2/../../../../arm-none-eabi/lib/thumb2\libc.a(lib_a-puts.o)
 .debug_frame   0x000049cc       0x68 c:/program files/codesourcery/sourcery g++ lite/bin/../lib/gcc/arm-none-eabi/4.5.2/../../../../arm-none-eabi/lib/thumb2\libc.a(lib_a-reent.o)
 .debug_frame   0x00004a34       0x20 c:/program files/codesourcery/sourcery g++ lite/bin/../lib/gcc/arm-none-eabi/4.5.2/../../../../arm-none-eabi/lib/thumb2\libc.a(lib_a-strlen.o)
 .debug_frame   0x00004a54      0x114 c:/program files/codesourcery/sourcery g++ lite/bin/../lib/gcc/arm-none-eabi/4.5.2/../../../../arm-none-eabi/lib/thumb2\libc.a(lib_a-findfp.o)
 .debug_frame   0x00004b68       0x50 c:/program files/codesourcery/sourcery g++ lite/bin/../lib/gcc/arm-none-eabi/4.5.2/../../../../arm-none-eabi/lib/thumb2\libc.a(lib_a-freer.o)